<html>
<body>
<pre>
<h1>µVision Build Log</h1>
<h2>Tool Versions:</h2>
IDE-Version: µVision V5.29.0.0
Copyright (C) 2019 ARM Ltd and ARM Germany GmbH. All rights reserved.
License Information: Vitor Pinto, Student, LIC=----
 
Tool Versions:
Toolchain:       MDK-Lite  Version: 5.29.0.0
Toolchain Path:  C:\Keil_v5\ARM\ARMCC\Bin
C Compiler:      Armcc.exe V5.06 update 6 (build 750)
Assembler:       Armasm.exe V5.06 update 6 (build 750)
Linker/Locator:  ArmLink.exe V5.06 update 6 (build 750)
Library Manager: ArmAr.exe V5.06 update 6 (build 750)
Hex Converter:   FromElf.exe V5.06 update 6 (build 750)
CPU DLL:         SARMCM3.DLL V5.29.0.0
Dialog DLL:      DCM.DLL V1.17.3.0
Target DLL:      STLink\ST-LINKIII-KEIL_SWO.dll V3.0.7.0
Dialog DLL:      TCM.DLL V1.36.5.0
 
<h2>Project:</h2>
C:\Users\vitor\OneDrive\Ambiente de Trabalho\Universidade\Projeto integrador\STM\interleaved - GPIO CHANGE\MDK-ARM\Interface_PL1.uvprojx
Project File Date:  06/02/2022

<h2>Output:</h2>
*** Using Compiler 'V5.06 update 6 (build 750)', folder: 'C:\Keil_v5\ARM\ARMCC\Bin'
Build target 'Interface_PL1'
compiling main.c...
compiling dutyinterleaved.c...
../Core/Src/dutyinterleaved.c(30): warning:  #1035-D: single-precision operand implicitly converted to double-precision
  	rawVoltage_1 = (float) aux_1 * 3.3 / 4095;
../Core/Src/dutyinterleaved.c(31): warning:  #1035-D: single-precision operand implicitly converted to double-precision
  	sensorI_1 = (rawVoltage_1-0.02) / sensor1_sensitivity;
../Core/Src/dutyinterleaved.c(34): warning:  #1035-D: single-precision operand implicitly converted to double-precision
  	rawVoltage_2 = (float) aux_2 * 3.3 / 4095;
../Core/Src/dutyinterleaved.c(35): warning:  #1035-D: single-precision operand implicitly converted to double-precision
  	sensorI_2 = (rawVoltage_2-0.02) / sensor2_sensitivity;
../Core/Src/dutyinterleaved.c(53): warning:  #1035-D: single-precision operand implicitly converted to double-precision
  	rawVoltage_1 = (float) aux_1 * 3.3 * 2 / 4095;
../Core/Src/dutyinterleaved.c(54): warning:  #1035-D: single-precision operand implicitly converted to double-precision
  	sensorI_1 = (rawVoltage_1 - 2.5) / sensor1_sensitivity;
../Core/Src/dutyinterleaved.c(57): warning:  #1035-D: single-precision operand implicitly converted to double-precision
  	rawVoltage_2 = (float) aux_2 * 3.3 * 2 / 4095;
../Core/Src/dutyinterleaved.c(58): warning:  #1035-D: single-precision operand implicitly converted to double-precision
  	sensorI_2 = (rawVoltage_2 - 2.5) / sensor2_sensitivity;
../Core/Src/dutyinterleaved.c: 8 warnings, 0 errors
linking...
Program Size: Code=24378 RO-data=710 RW-data=212 ZI-data=2404  
FromELF: creating hex file...
"Interface_PL1\Interface_PL1.axf" - 0 Error(s), 8 Warning(s).

<h2>Software Packages used:</h2>

Package Vendor: ARM
                http://www.keil.com/pack/ARM.CMSIS.5.6.0.pack
                ARM.CMSIS.5.6.0
                CMSIS (Cortex Microcontroller Software Interface Standard)
   * Component: CORE Version: 5.3.0

Package Vendor: Keil
                https://www.keil.com/pack/Keil.STM32F7xx_DFP.2.12.0.pack
                Keil.STM32F7xx_DFP.2.12.0
                STMicroelectronics STM32F7 Series Device Support, Drivers and Examples

<h2>Collection of Component include folders:</h2>
  .\RTE\_Interface_PL1
  C:\Users\vitor\AppData\Local\Arm\Packs\ARM\CMSIS\5.6.0\CMSIS\Core\Include
  C:\Users\vitor\AppData\Local\Arm\Packs\Keil\STM32F7xx_DFP\2.12.0\Drivers\CMSIS\Device\ST\STM32F7xx\Include

<h2>Collection of Component Files used:</h2>

   * Component: ARM::CMSIS:CORE:5.3.0
Build Time Elapsed:  00:00:10
</pre>
</body>
</html>
