Component: ARM Compiler 5.06 update 6 (build 750) Tool: armlink [4d35ed]

==============================================================================

Section Cross References

    startup_stm32f767xx.o(RESET) refers to startup_stm32f767xx.o(STACK) for __initial_sp
    startup_stm32f767xx.o(RESET) refers to startup_stm32f767xx.o(.text) for Reset_Handler
    startup_stm32f767xx.o(RESET) refers to stm32f7xx_it.o(i.NMI_Handler) for NMI_Handler
    startup_stm32f767xx.o(RESET) refers to stm32f7xx_it.o(i.HardFault_Handler) for HardFault_Handler
    startup_stm32f767xx.o(RESET) refers to stm32f7xx_it.o(i.MemManage_Handler) for MemManage_Handler
    startup_stm32f767xx.o(RESET) refers to stm32f7xx_it.o(i.BusFault_Handler) for BusFault_Handler
    startup_stm32f767xx.o(RESET) refers to stm32f7xx_it.o(i.UsageFault_Handler) for UsageFault_Handler
    startup_stm32f767xx.o(RESET) refers to stm32f7xx_it.o(i.SVC_Handler) for SVC_Handler
    startup_stm32f767xx.o(RESET) refers to stm32f7xx_it.o(i.DebugMon_Handler) for DebugMon_Handler
    startup_stm32f767xx.o(RESET) refers to stm32f7xx_it.o(i.PendSV_Handler) for PendSV_Handler
    startup_stm32f767xx.o(RESET) refers to stm32f7xx_it.o(i.SysTick_Handler) for SysTick_Handler
    startup_stm32f767xx.o(RESET) refers to stm32f7xx_it.o(i.ADC_IRQHandler) for ADC_IRQHandler
    startup_stm32f767xx.o(RESET) refers to stm32f7xx_it.o(i.USART3_IRQHandler) for USART3_IRQHandler
    startup_stm32f767xx.o(RESET) refers to stm32f7xx_it.o(i.EXTI15_10_IRQHandler) for EXTI15_10_IRQHandler
    startup_stm32f767xx.o(RESET) refers to stm32f7xx_it.o(i.TIM7_IRQHandler) for TIM7_IRQHandler
    startup_stm32f767xx.o(.text) refers to system_stm32f7xx.o(i.SystemInit) for SystemInit
    startup_stm32f767xx.o(.text) refers to entry.o(.ARM.Collect$$$$00000000) for __main
    commands.o(i.DecString_to_Int) refers to pow.o(i.__hardfp_pow) for __hardfp_pow
    commands.o(i.FloatString_to_Int) refers to pow.o(i.__hardfp_pow) for __hardfp_pow
    commands.o(i.HexString_to_Int) refers to pow.o(i.__hardfp_pow) for __hardfp_pow
    commands.o(i.MakePinInput) refers to commands.o(i.Rx_StrPop) for Rx_StrPop
    commands.o(i.MakePinInput) refers to commands.o(i.HexString_to_Int) for HexString_to_Int
    commands.o(i.MakePinInput) refers to commands.o(i.AddrGpioPort) for AddrGpioPort
    commands.o(i.MakePinInput) refers to commands.o(i.Tx_StrPush) for Tx_StrPush
    commands.o(i.MakePinInput) refers to stm32f7xx_hal_uart.o(i.HAL_UART_Transmit_IT) for HAL_UART_Transmit_IT
    commands.o(i.MakePinInput) refers to stm32f7xx_hal_gpio.o(i.HAL_GPIO_Init) for HAL_GPIO_Init
    commands.o(i.MakePinInput) refers to usart.o(.data) for UART3_Tx_char
    commands.o(i.MakePinInput) refers to usart.o(.bss) for huart3
    commands.o(i.MakePinOutput) refers to commands.o(i.Rx_StrPop) for Rx_StrPop
    commands.o(i.MakePinOutput) refers to commands.o(i.HexString_to_Int) for HexString_to_Int
    commands.o(i.MakePinOutput) refers to commands.o(i.AddrGpioPort) for AddrGpioPort
    commands.o(i.MakePinOutput) refers to commands.o(i.Tx_StrPush) for Tx_StrPush
    commands.o(i.MakePinOutput) refers to stm32f7xx_hal_uart.o(i.HAL_UART_Transmit_IT) for HAL_UART_Transmit_IT
    commands.o(i.MakePinOutput) refers to stm32f7xx_hal_gpio.o(i.HAL_GPIO_Init) for HAL_GPIO_Init
    commands.o(i.MakePinOutput) refers to usart.o(.data) for UART3_Tx_char
    commands.o(i.MakePinOutput) refers to usart.o(.bss) for huart3
    commands.o(i.MemoryRead) refers to commands.o(i.Rx_StrPop) for Rx_StrPop
    commands.o(i.MemoryRead) refers to commands.o(i.HexString_to_Int) for HexString_to_Int
    commands.o(i.MemoryRead) refers to commands.o(i.Tx_StrPush) for Tx_StrPush
    commands.o(i.MemoryRead) refers to stm32f7xx_hal_uart.o(i.HAL_UART_Transmit_IT) for HAL_UART_Transmit_IT
    commands.o(i.MemoryRead) refers to printfa.o(i.__0printf) for __2printf
    commands.o(i.MemoryRead) refers to usart.o(.data) for UART3_Tx_char
    commands.o(i.MemoryRead) refers to usart.o(.bss) for huart3
    commands.o(i.MemoryWrite) refers to commands.o(i.Rx_StrPop) for Rx_StrPop
    commands.o(i.MemoryWrite) refers to commands.o(i.HexString_to_Int) for HexString_to_Int
    commands.o(i.PrintADC) refers to printfa.o(i.__0printf) for __2printf
    commands.o(i.PrintADC) refers to adc.o(.data) for ADC1_chn4_value
    commands.o(i.PrintVersion) refers to commands.o(i.Tx_StrPush) for Tx_StrPush
    commands.o(i.PrintVersion) refers to stm32f7xx_hal_uart.o(i.HAL_UART_Transmit_IT) for HAL_UART_Transmit_IT
    commands.o(i.PrintVersion) refers to usart.o(.data) for UART3_Tx_char
    commands.o(i.PrintVersion) refers to usart.o(.bss) for huart3
    commands.o(i.ReadDigitalInput) refers to commands.o(i.Rx_StrPop) for Rx_StrPop
    commands.o(i.ReadDigitalInput) refers to commands.o(i.HexString_to_Int) for HexString_to_Int
    commands.o(i.ReadDigitalInput) refers to commands.o(i.AddrGpioPort) for AddrGpioPort
[...]
    $v0                                      0x0800020c   Number         0  startup_stm32f767xx.o(.text)
    .text                                    0x08000230   Section        0  uldiv.o(.text)
    .text                                    0x08000292   Section        0  memseta.o(.text)
    .text                                    0x080002b6   Section        0  strcmp.o(.text)
    .text                                    0x080002d2   Section        0  uidiv.o(.text)
    .text                                    0x080002fe   Section        0  llshl.o(.text)
    .text                                    0x0800031c   Section        0  llushr.o(.text)
    .text                                    0x0800033c   Section        0  dadd.o(.text)
    .text                                    0x0800033c   Section        0  iusefp.o(.text)
    .text                                    0x0800048a   Section        0  dmul.o(.text)
    .text                                    0x0800056e   Section        0  ddiv.o(.text)
    .text                                    0x0800064c   Section        0  dscalb.o(.text)
    .text                                    0x0800067a   Section        0  dfixul.o(.text)
    .text                                    0x080006ac   Section       48  cdrcmple.o(.text)
    .text                                    0x080006dc   Section       36  init.o(.text)
    .text                                    0x08000700   Section        0  llsshr.o(.text)
    .text                                    0x08000724   Section        0  depilogue.o(.text)
    i.ADC_IRQHandler                         0x080007e0   Section        0  stm32f7xx_it.o(i.ADC_IRQHandler)
    i.ADC_Init                               0x080007f8   Section        0  stm32f7xx_hal_adc.o(i.ADC_Init)
    ADC_Init                                 0x080007f9   Thumb Code   354  stm32f7xx_hal_adc.o(i.ADC_Init)
    i.AddrGpioPort                           0x08000968   Section        0  commands.o(i.AddrGpioPort)
    i.BusFault_Handler                       0x08000978   Section        0  stm32f7xx_it.o(i.BusFault_Handler)
    i.DebugMon_Handler                       0x0800097c   Section        0  stm32f7xx_it.o(i.DebugMon_Handler)
    i.EXTI15_10_IRQHandler                   0x0800097e   Section        0  stm32f7xx_it.o(i.EXTI15_10_IRQHandler)
    i.Error_Handler                          0x0800098a   Section        0  main.o(i.Error_Handler)
    i.HAL_ADCEx_InjectedConvCpltCallback     0x0800098c   Section        0  stm32f7xx_hal_adc_ex.o(i.HAL_ADCEx_InjectedConvCpltCallback)
    i.HAL_ADC_ConfigChannel                  0x08000990   Section        0  stm32f7xx_hal_adc.o(i.HAL_ADC_ConfigChannel)
    i.HAL_ADC_ConvCpltCallback               0x08000b68   Section        0  adc.o(i.HAL_ADC_ConvCpltCallback)
    i.HAL_ADC_ErrorCallback                  0x08000bc0   Section        0  stm32f7xx_hal_adc.o(i.HAL_ADC_ErrorCallback)
    i.HAL_ADC_GetValue                       0x08000bc2   Section        0  stm32f7xx_hal_adc.o(i.HAL_ADC_GetValue)
    i.HAL_ADC_IRQHandler                     0x08000bca   Section        0  stm32f7xx_hal_adc.o(i.HAL_ADC_IRQHandler)
    i.HAL_ADC_Init                           0x08000d40   Section        0  stm32f7xx_hal_adc.o(i.HAL_ADC_Init)
    i.HAL_ADC_LevelOutOfWindowCallback       0x08000da8   Section        0  stm32f7xx_hal_adc.o(i.HAL_ADC_LevelOutOfWindowCallback)
    i.HAL_ADC_MspInit                        0x08000dac   Section        0  adc.o(i.HAL_ADC_MspInit)
    i.HAL_ADC_Start_IT                       0x08000ea0   Section        0  stm32f7xx_hal_adc.o(i.HAL_ADC_Start_IT)
    i.HAL_DMA_Abort_IT                       0x08000fe0   Section        0  stm32f7xx_hal_dma.o(i.HAL_DMA_Abort_IT)
    i.HAL_Delay                              0x08001008   Section        0  stm32f7xx_hal.o(i.HAL_Delay)
    i.HAL_GPIO_EXTI_Callback                 0x08001030   Section        0  stm32f7xx_hal_gpio.o(i.HAL_GPIO_EXTI_Callback)
    i.HAL_GPIO_EXTI_IRQHandler               0x08001034   Section        0  stm32f7xx_hal_gpio.o(i.HAL_GPIO_EXTI_IRQHandler)
    i.HAL_GPIO_Init                          0x08001050   Section        0  stm32f7xx_hal_gpio.o(i.HAL_GPIO_Init)
    i.HAL_GPIO_WritePin                      0x08001268   Section        0  stm32f7xx_hal_gpio.o(i.HAL_GPIO_WritePin)
    i.HAL_GetTick                            0x08001274   Section        0  stm32f7xx_hal.o(i.HAL_GetTick)
    i.HAL_IncTick                            0x08001280   Section        0  stm32f7xx_hal.o(i.HAL_IncTick)
    i.HAL_Init                               0x08001298   Section        0  stm32f7xx_hal.o(i.HAL_Init)
    i.HAL_InitTick                           0x080012b0   Section        0  stm32f7xx_hal.o(i.HAL_InitTick)
    i.HAL_MspInit                            0x080012fc   Section        0  stm32f7xx_hal_msp.o(i.HAL_MspInit)
    i.HAL_NVIC_EnableIRQ                     0x0800133c   Section        0  stm32f7xx_hal_cortex.o(i.HAL_NVIC_EnableIRQ)
    i.HAL_NVIC_SetPriority                   0x0800135c   Section        0  stm32f7xx_hal_cortex.o(i.HAL_NVIC_SetPriority)
    i.HAL_NVIC_SetPriorityGrouping           0x080013d8   Section        0  stm32f7xx_hal_cortex.o(i.HAL_NVIC_SetPriorityGrouping)
    i.HAL_PWREx_EnableOverDrive              0x08001400   Section        0  stm32f7xx_hal_pwr_ex.o(i.HAL_PWREx_EnableOverDrive)
    i.HAL_RCCEx_PeriphCLKConfig              0x08001490   Section        0  stm32f7xx_hal_rcc_ex.o(i.HAL_RCCEx_PeriphCLKConfig)
    i.HAL_RCC_ClockConfig                    0x08001be8   Section        0  stm32f7xx_hal_rcc.o(i.HAL_RCC_ClockConfig)
    i.HAL_RCC_GetHCLKFreq                    0x08001d7c   Section        0  stm32f7xx_hal_rcc.o(i.HAL_RCC_GetHCLKFreq)
    i.HAL_RCC_GetPCLK1Freq                   0x08001d88   Section        0  stm32f7xx_hal_rcc.o(i.HAL_RCC_GetPCLK1Freq)
    i.HAL_RCC_GetPCLK2Freq                   0x08001da8   Section        0  stm32f7xx_hal_rcc.o(i.HAL_RCC_GetPCLK2Freq)
    i.HAL_RCC_GetSysClockFreq                0x08001dc8   Section        0  stm32f7xx_hal_rcc.o(i.HAL_RCC_GetSysClockFreq)
    i.HAL_RCC_OscConfig                      0x08001e74   Section        0  stm32f7xx_hal_rcc.o(i.HAL_RCC_OscConfig)
    i.HAL_SYSTICK_Config                     0x08002388   Section        0  stm32f7xx_hal_cortex.o(i.HAL_SYSTICK_Config)
    i.HAL_TIMEx_Break2Callback               0x080023bc   Section        0  stm32f7xx_hal_tim_ex.o(i.HAL_TIMEx_Break2Callback)
    i.HAL_TIMEx_BreakCallback                0x080023be   Section        0  stm32f7xx_hal_tim_ex.o(i.HAL_TIMEx_BreakCallback)
    i.HAL_TIMEx_CommutCallback               0x080023c0   Section        0  stm32f7xx_hal_tim_ex.o(i.HAL_TIMEx_CommutCallback)
    i.HAL_TIMEx_MasterConfigSynchronization  0x080023c4   Section        0  stm32f7xx_hal_tim_ex.o(i.HAL_TIMEx_MasterConfigSynchronization)
    i.HAL_TIM_Base_Init                      0x08002490   Section        0  stm32f7xx_hal_tim.o(i.HAL_TIM_Base_Init)
    i.HAL_TIM_Base_MspInit                   0x080024c4   Section        0  tim.o(i.HAL_TIM_Base_MspInit)
    i.HAL_TIM_Base_Start                     0x08002558   Section        0  stm32f7xx_hal_tim.o(i.HAL_TIM_Base_Start)
    i.HAL_TIM_ConfigClockSource              0x08002590   Section        0  stm32f7xx_hal_tim.o(i.HAL_TIM_ConfigClockSource)
    i.HAL_TIM_IC_CaptureCallback             0x0800269c   Section        0  stm32f7xx_hal_tim.o(i.HAL_TIM_IC_CaptureCallback)
    i.HAL_TIM_IRQHandler                     0x0800269e   Section        0  stm32f7xx_hal_tim.o(i.HAL_TIM_IRQHandler)
    i.HAL_TIM_MspPostInit                    0x08002858   Section        0  tim.o(i.HAL_TIM_MspPostInit)
    i.HAL_TIM_OC_DelayElapsedCallback        0x08002900   Section        0  stm32f7xx_hal_tim.o(i.HAL_TIM_OC_DelayElapsedCallback)
    i.HAL_TIM_PWM_ConfigChannel              0x08002902   Section        0  stm32f7xx_hal_tim.o(i.HAL_TIM_PWM_ConfigChannel)
    i.HAL_TIM_PWM_Init                       0x08002a76   Section        0  stm32f7xx_hal_tim.o(i.HAL_TIM_PWM_Init)
    i.HAL_TIM_PWM_MspInit                    0x08002aaa   Section        0  stm32f7xx_hal_tim.o(i.HAL_TIM_PWM_MspInit)
    i.HAL_TIM_PWM_PulseFinishedCallback      0x08002aac   Section        0  stm32f7xx_hal_tim.o(i.HAL_TIM_PWM_PulseFinishedCallback)
    i.HAL_TIM_PWM_Start                      0x08002ab0   Section        0  stm32f7xx_hal_tim.o(i.HAL_TIM_PWM_Start)
    i.HAL_TIM_PeriodElapsedCallback          0x08002b14   Section        0  tim.o(i.HAL_TIM_PeriodElapsedCallback)
    i.HAL_TIM_TriggerCallback                0x08002b64   Section        0  stm32f7xx_hal_tim.o(i.HAL_TIM_TriggerCallback)
    i.HAL_UARTEx_WakeupCallback              0x08002b66   Section        0  stm32f7xx_hal_uart.o(i.HAL_UARTEx_WakeupCallback)
    i.HAL_UART_ErrorCallback                 0x08002b68   Section        0  stm32f7xx_hal_uart.o(i.HAL_UART_ErrorCallback)
    i.HAL_UART_IRQHandler                    0x08002b6c   Section        0  stm32f7xx_hal_uart.o(i.HAL_UART_IRQHandler)
    i.HAL_UART_Init                          0x08002d20   Section        0  stm32f7xx_hal_uart.o(i.HAL_UART_Init)
    i.HAL_UART_MspInit                       0x08002d94   Section        0  usart.o(i.HAL_UART_MspInit)
    i.HAL_UART_Receive_IT                    0x08002e24   Section        0  stm32f7xx_hal_uart.o(i.HAL_UART_Receive_IT)
    i.HAL_UART_RxCpltCallback                0x08002f08   Section        0  usart.o(i.HAL_UART_RxCpltCallback)
    i.HAL_UART_Transmit                      0x08002f38   Section        0  stm32f7xx_hal_uart.o(i.HAL_UART_Transmit)
    i.HAL_UART_Transmit_IT                   0x0800300c   Section        0  stm32f7xx_hal_uart.o(i.HAL_UART_Transmit_IT)
    i.HAL_UART_TxCpltCallback                0x08003084   Section        0  usart.o(i.HAL_UART_TxCpltCallback)
    i.HardFault_Handler                      0x080030c0   Section        0  stm32f7xx_it.o(i.HardFault_Handler)
    i.HexString_to_Int                       0x080030c4   Section        0  commands.o(i.HexString_to_Int)
    i.MX_ADC1_Init                           0x08003178   Section        0  adc.o(i.MX_ADC1_Init)
    i.MX_ADC2_Init                           0x080031e8   Section        0  adc.o(i.MX_ADC2_Init)
    i.MX_GPIO_Init                           0x08003258   Section        0  gpio.o(i.MX_GPIO_Init)
    i.MX_TIM3_Init                           0x080033b8   Section        0  tim.o(i.MX_TIM3_Init)
    i.MX_TIM4_Init                           0x08003470   Section        0  tim.o(i.MX_TIM4_Init)
    i.MX_TIM7_Init                           0x0800353c   Section        0  tim.o(i.MX_TIM7_Init)
    i.MX_USART3_UART_Init                    0x0800358c   Section        0  usart.o(i.MX_USART3_UART_Init)
    i.MakePinInput                           0x080035cc   Section        0  commands.o(i.MakePinInput)
    i.MakePinOutput                          0x0800369c   Section        0  commands.o(i.MakePinOutput)
    i.MemManage_Handler                      0x0800376c   Section        0  stm32f7xx_it.o(i.MemManage_Handler)
    i.MemoryRead                             0x08003770   Section        0  commands.o(i.MemoryRead)
    i.MemoryWrite                            0x08003808   Section        0  commands.o(i.MemoryWrite)
    i.NMI_Handler                            0x0800388c   Section        0  stm32f7xx_it.o(i.NMI_Handler)
    i.PendSV_Handler                         0x0800388e   Section        0  stm32f7xx_it.o(i.PendSV_Handler)
    i.PrinfHelp                              0x08003890   Section        0  usart.o(i.PrinfHelp)
    i.PrintADC                               0x08003908   Section        0  commands.o(i.PrintADC)
    i.PrintVersion                           0x08003928   Section        0  commands.o(i.PrintVersion)
    i.ReadDigitalInput                       0x08003970   Section        0  commands.o(i.ReadDigitalInput)
    i.Rx_Buffer_pop                          0x08003a4c   Section        0  usart.o(i.Rx_Buffer_pop)
    i.Rx_Buffer_push                         0x08003a80   Section        0  usart.o(i.Rx_Buffer_push)
    i.Rx_StrPop                              0x08003ab8   Section        0  commands.o(i.Rx_StrPop)
    i.Rx_char_parsing                        0x08003aec   Section        0  usart.o(i.Rx_char_parsing)
    i.SVC_Handler                            0x08003b48   Section        0  stm32f7xx_it.o(i.SVC_Handler)
    i.SysTick_Handler                        0x08003b4a   Section        0  stm32f7xx_it.o(i.SysTick_Handler)
    i.SystemClock_Config                     0x08003b54   Section        0  main.o(i.SystemClock_Config)
    i.SystemInit                             0x08003c28   Section        0  system_stm32f7xx.o(i.SystemInit)
    i.TIM7_IRQHandler                        0x08003c8c   Section        0  stm32f7xx_it.o(i.TIM7_IRQHandler)
    i.TIM_Base_SetConfig                     0x08003c9c   Section        0  stm32f7xx_hal_tim.o(i.TIM_Base_SetConfig)
    i.TIM_CCxChannelCmd                      0x08003d74   Section        0  stm32f7xx_hal_tim.o(i.TIM_CCxChannelCmd)
    i.TIM_ETR_SetConfig                      0x08003d96   Section        0  stm32f7xx_hal_tim.o(i.TIM_ETR_SetConfig)
    i.TIM_ITRx_SetConfig                     0x08003dac   Section        0  stm32f7xx_hal_tim.o(i.TIM_ITRx_SetConfig)
    TIM_ITRx_SetConfig                       0x08003dad   Thumb Code    18  stm32f7xx_hal_tim.o(i.TIM_ITRx_SetConfig)
    i.TIM_OC1_SetConfig                      0x08003dc0   Section        0  stm32f7xx_hal_tim.o(i.TIM_OC1_SetConfig)
    TIM_OC1_SetConfig                        0x08003dc1   Thumb Code   104  stm32f7xx_hal_tim.o(i.TIM_OC1_SetConfig)
    i.TIM_OC2_SetConfig                      0x08003e34   Section        0  stm32f7xx_hal_tim.o(i.TIM_OC2_SetConfig)
    i.TIM_OC3_SetConfig                      0x08003eb4   Section        0  stm32f7xx_hal_tim.o(i.TIM_OC3_SetConfig)
    TIM_OC3_SetConfig                        0x08003eb5   Thumb Code   112  stm32f7xx_hal_tim.o(i.TIM_OC3_SetConfig)
    i.TIM_OC4_SetConfig                      0x08003f30   Section        0  stm32f7xx_hal_tim.o(i.TIM_OC4_SetConfig)
    TIM_OC4_SetConfig                        0x08003f31   Thumb Code    74  stm32f7xx_hal_tim.o(i.TIM_OC4_SetConfig)
    i.TIM_OC5_SetConfig                      0x08003f88   Section        0  stm32f7xx_hal_tim.o(i.TIM_OC5_SetConfig)
    TIM_OC5_SetConfig                        0x08003f89   Thumb Code    68  stm32f7xx_hal_tim.o(i.TIM_OC5_SetConfig)
    i.TIM_OC6_SetConfig                      0x08003fd8   Section        0  stm32f7xx_hal_tim.o(i.TIM_OC6_SetConfig)
    TIM_OC6_SetConfig                        0x08003fd9   Thumb Code    70  stm32f7xx_hal_tim.o(i.TIM_OC6_SetConfig)
    i.TIM_TI1_ConfigInputStage               0x0800402c   Section        0  stm32f7xx_hal_tim.o(i.TIM_TI1_ConfigInputStage)
    TIM_TI1_ConfigInputStage                 0x0800402d   Thumb Code    38  stm32f7xx_hal_tim.o(i.TIM_TI1_ConfigInputStage)
    i.TIM_TI2_ConfigInputStage               0x08004052   Section        0  stm32f7xx_hal_tim.o(i.TIM_TI2_ConfigInputStage)
    TIM_TI2_ConfigInputStage                 0x08004053   Thumb Code    40  stm32f7xx_hal_tim.o(i.TIM_TI2_ConfigInputStage)
    i.Tx_Buffer_pop                          0x0800407c   Section        0  usart.o(i.Tx_Buffer_pop)
    i.Tx_Buffer_push                         0x080040b4   Section        0  usart.o(i.Tx_Buffer_push)
    i.Tx_StrPush                             0x080040f0   Section        0  commands.o(i.Tx_StrPush)
    i.UART_AdvFeatureConfig                  0x08004112   Section        0  stm32f7xx_hal_uart.o(i.UART_AdvFeatureConfig)
    i.UART_CheckIdleState                    0x0800420a   Section        0  stm32f7xx_hal_uart.o(i.UART_CheckIdleState)
    i.UART_DMAAbortOnError                   0x08004278   Section        0  stm32f7xx_hal_uart.o(i.UART_DMAAbortOnError)
    UART_DMAAbortOnError                     0x08004279   Thumb Code    24  stm32f7xx_hal_uart.o(i.UART_DMAAbortOnError)
    i.UART_EndRxTransfer                     0x08004290   Section        0  stm32f7xx_hal_uart.o(i.UART_EndRxTransfer)
    UART_EndRxTransfer                       0x08004291   Thumb Code    34  stm32f7xx_hal_uart.o(i.UART_EndRxTransfer)
    i.UART_EndTransmit_IT                    0x080042b2   Section        0  stm32f7xx_hal_uart.o(i.UART_EndTransmit_IT)
    UART_EndTransmit_IT                      0x080042b3   Thumb Code    32  stm32f7xx_hal_uart.o(i.UART_EndTransmit_IT)
    i.UART_RxISR_16BIT                       0x080042d2   Section        0  stm32f7xx_hal_uart.o(i.UART_RxISR_16BIT)
    UART_RxISR_16BIT                         0x080042d3   Thumb Code   108  stm32f7xx_hal_uart.o(i.UART_RxISR_16BIT)
    i.UART_RxISR_8BIT                        0x0800433e   Section        0  stm32f7xx_hal_uart.o(i.UART_RxISR_8BIT)
    UART_RxISR_8BIT                          0x0800433f   Thumb Code   104  stm32f7xx_hal_uart.o(i.UART_RxISR_8BIT)
    i.UART_SetConfig                         0x080043a8   Section        0  stm32f7xx_hal_uart.o(i.UART_SetConfig)
    i.UART_TxISR_16BIT                       0x08004750   Section        0  stm32f7xx_hal_uart.o(i.UART_TxISR_16BIT)
    UART_TxISR_16BIT                         0x08004751   Thumb Code    68  stm32f7xx_hal_uart.o(i.UART_TxISR_16BIT)
    i.UART_TxISR_8BIT                        0x08004794   Section        0  stm32f7xx_hal_uart.o(i.UART_TxISR_8BIT)
    UART_TxISR_8BIT                          0x08004795   Thumb Code    64  stm32f7xx_hal_uart.o(i.UART_TxISR_8BIT)
    i.UART_WaitOnFlagUntilTimeout            0x080047d4   Section        0  stm32f7xx_hal_uart.o(i.UART_WaitOnFlagUntilTimeout)
    i.USART3_IRQHandler                      0x08004888   Section        0  stm32f7xx_it.o(i.USART3_IRQHandler)
    i.UsageFault_Handler                     0x08004898   Section        0  stm32f7xx_it.o(i.UsageFault_Handler)
    i.Validation_1_switch                    0x0800489c   Section        0  commands.o(i.Validation_1_switch)
    i.WriteDigitalOutput                     0x08004970   Section        0  commands.o(i.WriteDigitalOutput)
    i.__0printf                              0x08004a54   Section        0  printfa.o(i.__0printf)
    i.__ARM_fpclassify                       0x08004a74   Section        0  fpclassify.o(i.__ARM_fpclassify)
    i.__NVIC_GetPriorityGrouping             0x08004aa4   Section        0  stm32f7xx_hal_cortex.o(i.__NVIC_GetPriorityGrouping)
    __NVIC_GetPriorityGrouping               0x08004aa5   Thumb Code    10  stm32f7xx_hal_cortex.o(i.__NVIC_GetPriorityGrouping)
    i.__NVIC_SetPriority                     0x08004ab4   Section        0  stm32f7xx_hal_cortex.o(i.__NVIC_SetPriority)
    __NVIC_SetPriority                       0x08004ab5   Thumb Code    32  stm32f7xx_hal_cortex.o(i.__NVIC_SetPriority)
    i.__hardfp_pow                           0x08004ae0   Section        0  pow.o(i.__hardfp_pow)
    i.__kernel_poly                          0x080053d8   Section        0  poly.o(i.__kernel_poly)
    i.__mathlib_dbl_divzero                  0x08005448   Section        0  dunder.o(i.__mathlib_dbl_divzero)
    i.__mathlib_dbl_infnan2                  0x08005468   Section        0  dunder.o(i.__mathlib_dbl_infnan2)
    i.__mathlib_dbl_invalid                  0x08005470   Section        0  dunder.o(i.__mathlib_dbl_invalid)
    i.__mathlib_dbl_overflow                 0x08005488   Section        0  dunder.o(i.__mathlib_dbl_overflow)
    i.__mathlib_dbl_underflow                0x080054a0   Section        0  dunder.o(i.__mathlib_dbl_underflow)
    i.__scatterload_copy                     0x080054b8   Section       14  handlers.o(i.__scatterload_copy)
    i.__scatterload_null                     0x080054c6   Section        2  handlers.o(i.__scatterload_null)
    i.__scatterload_zeroinit                 0x080054c8   Section       14  handlers.o(i.__scatterload_zeroinit)
    i.__set_errno                            0x080054d8   Section        0  errno.o(i.__set_errno)
    i._fp_digits                             0x080054e4   Section        0  printfa.o(i._fp_digits)
    _fp_digits                               0x080054e5   Thumb Code   366  printfa.o(i._fp_digits)
    i._printf_core                           0x08005668   Section        0  printfa.o(i._printf_core)
    _printf_core                             0x08005669   Thumb Code  1744  printfa.o(i._printf_core)
    i._printf_post_padding                   0x08005d44   Section        0  printfa.o(i._printf_post_padding)
    _printf_post_padding                     0x08005d45   Thumb Code    36  printfa.o(i._printf_post_padding)
    i._printf_pre_padding                    0x08005d68   Section        0  printfa.o(i._printf_pre_padding)
    _printf_pre_padding                      0x08005d69   Thumb Code    46  printfa.o(i._printf_pre_padding)
    i.duty_cycle_buck_calc                   0x08005d98   Section        0  dutyinterleaved.o(i.duty_cycle_buck_calc)
    i.exec_BCKSP                             0x08005f00   Section        0  usart.o(i.exec_BCKSP)
    i.exec_DOLLAR                            0x08005f20   Section        0  usart.o(i.exec_DOLLAR)
    i.exec_ESC                               0x08005f24   Section        0  usart.o(i.exec_ESC)
    i.fabs                                   0x08005f38   Section        0  fabs.o(i.fabs)
    i.fputc                                  0x08005f50   Section        0  usart.o(i.fputc)
    i.init_UART3                             0x08005f68   Section        0  usart.o(i.init_UART3)
    i.main                                   0x08005f80   Section        0  main.o(i.main)
    i.process_control                        0x0800608c   Section        0  usart.o(i.process_control)
    i.size_array                             0x080060c4   Section        0  commands.o(i.size_array)
    i.sqrt                                   0x080060c8   Section        0  sqrt.o(i.sqrt)
    .constdata                               0x08006132   Section       24  system_stm32f7xx.o(.constdata)
    .constdata                               0x08006150   Section      136  pow.o(.constdata)
    bp                                       0x08006150   Data          16  pow.o(.constdata)
    dp_h                                     0x08006160   Data          16  pow.o(.constdata)
    dp_l                                     0x08006170   Data          16  pow.o(.constdata)
    L                                        0x08006180   Data          48  pow.o(.constdata)
    P                                        0x080061b0   Data          40  pow.o(.constdata)
    .constdata                               0x080061d8   Section        8  qnan.o(.constdata)
    .data                                    0x20000000   Section      100  commands.o(.data)
    .data                                    0x20000064   Section       36  dutyinterleaved.o(.data)
    .data                                    0x20000088   Section        6  adc.o(.data)
    .data                                    0x20000090   Section       44  usart.o(.data)
    .data                                    0x200000bc   Section        9  stm32f7xx_hal.o(.data)
    .data                                    0x200000c8   Section        4  system_stm32f7xx.o(.data)
    .data                                    0x200000cc   Section        4  stdout.o(.data)
    .data                                    0x200000d0   Section        4  errno.o(.data)
    _errno                                   0x200000d0   Data           4  errno.o(.data)
    .bss                                     0x200000d4   Section      144  adc.o(.bss)
    .bss                                     0x20000164   Section      592  tim.o(.bss)
    .bss                                     0x200003b4   Section      640  usart.o(.bss)
    STACK                                    0x20000638   Section     1024  startup_stm32f767xx.o(STACK)

    Global Symbols

    Symbol Name                              Value     Ov Type        Size  Object(Section)

    BuildAttributes$$THM_ISAv4$E$P$D$K$B$S$7EM$VFPv5_D16$PE$PLD8$A:L22UL41UL21$X:L11$S22US41US21$IEEE1$IW$USESV6$~STKCKD$USESV7$~SHL$OTIME$ROPI$IEEEX$EBA8$MICROLIB$REQ8$PRES8$EABIv2 0x00000000   Number         0  anon$$obj.o ABSOLUTE
    __ARM_use_no_argv                        0x00000000   Number         0  main.o ABSOLUTE
    _printf_a                                0x00000000   Number         0  stubs.o ABSOLUTE
    _printf_c                                0x00000000   Number         0  stubs.o ABSOLUTE
    _printf_charcount                        0x00000000   Number         0  stubs.o ABSOLUTE
    _printf_d                                0x00000000   Number         0  stubs.o ABSOLUTE
    _printf_e                                0x00000000   Number         0  stubs.o ABSOLUTE
    _printf_f                                0x00000000   Number         0  stubs.o ABSOLUTE
    _printf_flags                            0x00000000   Number         0  stubs.o ABSOLUTE
    _printf_fp_dec                           0x00000000   Number         0  stubs.o ABSOLUTE
    _printf_fp_hex                           0x00000000   Number         0  stubs.o ABSOLUTE
    _printf_g                                0x00000000   Number         0  stubs.o ABSOLUTE
    _printf_i                                0x00000000   Number         0  stubs.o ABSOLUTE
    _printf_int_dec                          0x00000000   Number         0  stubs.o ABSOLUTE
    _printf_l                                0x00000000   Number         0  stubs.o ABSOLUTE
    _printf_lc                               0x00000000   Number         0  stubs.o ABSOLUTE
    _printf_ll                               0x00000000   Number         0  stubs.o ABSOLUTE
    _printf_lld                              0x00000000   Number         0  stubs.o ABSOLUTE
    _printf_lli                              0x00000000   Number         0  stubs.o ABSOLUTE
    _printf_llo                              0x00000000   Number         0  stubs.o ABSOLUTE
    _printf_llu                              0x00000000   Number         0  stubs.o ABSOLUTE
    _printf_llx                              0x00000000   Number         0  stubs.o ABSOLUTE
    _printf_longlong_dec                     0x00000000   Number         0  stubs.o ABSOLUTE
    _printf_longlong_hex                     0x00000000   Number         0  stubs.o ABSOLUTE
    _printf_longlong_oct                     0x00000000   Number         0  stubs.o ABSOLUTE
    _printf_ls                               0x00000000   Number         0  stubs.o ABSOLUTE
    _printf_mbtowc                           0x00000000   Number         0  stubs.o ABSOLUTE
    _printf_n                                0x00000000   Number         0  stubs.o ABSOLUTE
    _printf_o                                0x00000000   Number         0  stubs.o ABSOLUTE
    _printf_p                                0x00000000   Number         0  stubs.o ABSOLUTE
    _printf_percent                          0x00000000   Number         0  stubs.o ABSOLUTE
    _printf_pre_padding                      0x00000000   Number         0  stubs.o ABSOLUTE
    _printf_return_value                     0x00000000   Number         0  stubs.o ABSOLUTE
    _printf_s                                0x00000000   Number         0  stubs.o ABSOLUTE
    _printf_sizespec                         0x00000000   Number         0  stubs.o ABSOLUTE
    _printf_str                              0x00000000   Number         0  stubs.o ABSOLUTE
    _printf_truncate_signed                  0x00000000   Number         0  stubs.o ABSOLUTE
    _printf_truncate_unsigned                0x00000000   Number         0  stubs.o ABSOLUTE
    _printf_u                                0x00000000   Number         0  stubs.o ABSOLUTE
    _printf_wc                               0x00000000   Number         0  stubs.o ABSOLUTE
    _printf_wctomb                           0x00000000   Number         0  stubs.o ABSOLUTE
    _printf_widthprec                        0x00000000   Number         0  stubs.o ABSOLUTE
    _printf_x                                0x00000000   Number         0  stubs.o ABSOLUTE
    __cpp_initialize__aeabi_                  - Undefined Weak Reference
    __cxa_finalize                            - Undefined Weak Reference
    __decompress                              - Undefined Weak Reference
    _clock_init                               - Undefined Weak Reference
    _microlib_exit                            - Undefined Weak Reference
    __Vectors_Size                           0x000001f8   Number         0  startup_stm32f767xx.o ABSOLUTE
    __Vectors                                0x08000000   Data           4  startup_stm32f767xx.o(RESET)
    __Vectors_End                            0x080001f8   Data           0  startup_stm32f767xx.o(RESET)
    __main                                   0x080001f9   Thumb Code     0  entry.o(.ARM.Collect$$$$00000000)
    _main_stk                                0x080001f9   Thumb Code     0  entry2.o(.ARM.Collect$$$$00000001)
    _main_scatterload                        0x080001fd   Thumb Code     0  entry5.o(.ARM.Collect$$$$00000004)
    __main_after_scatterload                 0x08000201   Thumb Code     0  entry5.o(.ARM.Collect$$$$00000004)
    _main_clock                              0x08000201   Thumb Code     0  entry7b.o(.ARM.Collect$$$$00000008)
    _main_cpp_init                           0x08000201   Thumb Code     0  entry8b.o(.ARM.Collect$$$$0000000A)
    _main_init                               0x08000201   Thumb Code     0  entry9a.o(.ARM.Collect$$$$0000000B)
    __rt_final_cpp                           0x08000209   Thumb Code     0  entry10a.o(.ARM.Collect$$$$0000000D)
    __rt_final_exit                          0x08000209   Thumb Code     0  entry11a.o(.ARM.Collect$$$$0000000F)
    Reset_Handler                            0x0800020d   Thumb Code     8  startup_stm32f767xx.o(.text)
    CAN1_RX0_IRQHandler                      0x08000227   Thumb Code     0  startup_stm32f767xx.o(.text)
    CAN1_RX1_IRQHandler                      0x08000227   Thumb Code     0  startup_stm32f767xx.o(.text)
    CAN1_SCE_IRQHandler                      0x08000227   Thumb Code     0  startup_stm32f767xx.o(.text)
    CAN1_TX_IRQHandler                       0x08000227   Thumb Code     0  startup_stm32f767xx.o(.text)
    CAN2_RX0_IRQHandler                      0x08000227   Thumb Code     0  startup_stm32f767xx.o(.text)
    CAN2_RX1_IRQHandler                      0x08000227   Thumb Code     0  startup_stm32f767xx.o(.text)
    CAN2_SCE_IRQHandler                      0x08000227   Thumb Code     0  startup_stm32f767xx.o(.text)
    CAN2_TX_IRQHandler                       0x08000227   Thumb Code     0  startup_stm32f767xx.o(.text)
    CAN3_RX0_IRQHandler                      0x08000227   Thumb Code     0  startup_stm32f767xx.o(.text)
    CAN3_RX1_IRQHandler                      0x08000227   Thumb Code     0  startup_stm32f767xx.o(.text)
    CAN3_SCE_IRQHandler                      0x08000227   Thumb Code     0  startup_stm32f767xx.o(.text)
    CAN3_TX_IRQHandler                       0x08000227   Thumb Code     0  startup_stm32f767xx.o(.text)
    CEC_IRQHandler                           0x08000227   Thumb Code     0  startup_stm32f767xx.o(.text)
    DCMI_IRQHandler                          0x08000227   Thumb Code     0  startup_stm32f767xx.o(.text)
    DFSDM1_FLT0_IRQHandler                   0x08000227   Thumb Code     0  startup_stm32f767xx.o(.text)
    DFSDM1_FLT1_IRQHandler                   0x08000227   Thumb Code     0  startup_stm32f767xx.o(.text)
    DFSDM1_FLT2_IRQHandler                   0x08000227   Thumb Code     0  startup_stm32f767xx.o(.text)
    DFSDM1_FLT3_IRQHandler                   0x08000227   Thumb Code     0  startup_stm32f767xx.o(.text)
    DMA1_Stream0_IRQHandler                  0x08000227   Thumb Code     0  startup_stm32f767xx.o(.text)
    DMA1_Stream1_IRQHandler                  0x08000227   Thumb Code     0  startup_stm32f767xx.o(.text)
    DMA1_Stream2_IRQHandler                  0x08000227   Thumb Code     0  startup_stm32f767xx.o(.text)
    DMA1_Stream3_IRQHandler                  0x08000227   Thumb Code     0  startup_stm32f767xx.o(.text)
    DMA1_Stream4_IRQHandler                  0x08000227   Thumb Code     0  startup_stm32f767xx.o(.text)
    DMA1_Stream5_IRQHandler                  0x08000227   Thumb Code     0  startup_stm32f767xx.o(.text)
    DMA1_Stream6_IRQHandler                  0x08000227   Thumb Code     0  startup_stm32f767xx.o(.text)
    DMA1_Stream7_IRQHandler                  0x08000227   Thumb Code     0  startup_stm32f767xx.o(.text)
    DMA2D_IRQHandler                         0x08000227   Thumb Code     0  startup_stm32f767xx.o(.text)
    DMA2_Stream0_IRQHandler                  0x08000227   Thumb Code     0  startup_stm32f767xx.o(.text)
    DMA2_Stream1_IRQHandler                  0x08000227   Thumb Code     0  startup_stm32f767xx.o(.text)
    DMA2_Stream2_IRQHandler                  0x08000227   Thumb Code     0  startup_stm32f767xx.o(.text)
    DMA2_Stream3_IRQHandler                  0x08000227   Thumb Code     0  startup_stm32f767xx.o(.text)
    DMA2_Stream4_IRQHandler                  0x08000227   Thumb Code     0  startup_stm32f767xx.o(.text)
    DMA2_Stream5_IRQHandler                  0x08000227   Thumb Code     0  startup_stm32f767xx.o(.text)
    DMA2_Stream6_IRQHandler                  0x08000227   Thumb Code     0  startup_stm32f767xx.o(.text)
    DMA2_Stream7_IRQHandler                  0x08000227   Thumb Code     0  startup_stm32f767xx.o(.text)
    ETH_IRQHandler                           0x08000227   Thumb Code     0  startup_stm32f767xx.o(.text)
    ETH_WKUP_IRQHandler                      0x08000227   Thumb Code     0  startup_stm32f767xx.o(.text)
    EXTI0_IRQHandler                         0x08000227   Thumb Code     0  startup_stm32f767xx.o(.text)
    EXTI1_IRQHandler                         0x08000227   Thumb Code     0  startup_stm32f767xx.o(.text)
    EXTI2_IRQHandler                         0x08000227   Thumb Code     0  startup_stm32f767xx.o(.text)
    EXTI3_IRQHandler                         0x08000227   Thumb Code     0  startup_stm32f767xx.o(.text)
    EXTI4_IRQHandler                         0x08000227   Thumb Code     0  startup_stm32f767xx.o(.text)
    EXTI9_5_IRQHandler                       0x08000227   Thumb Code     0  startup_stm32f767xx.o(.text)
    FLASH_IRQHandler                         0x08000227   Thumb Code     0  startup_stm32f767xx.o(.text)
    FMC_IRQHandler                           0x08000227   Thumb Code     0  startup_stm32f767xx.o(.text)
    FPU_IRQHandler                           0x08000227   Thumb Code     0  startup_stm32f767xx.o(.text)
    I2C1_ER_IRQHandler                       0x08000227   Thumb Code     0  startup_stm32f767xx.o(.text)
    I2C1_EV_IRQHandler                       0x08000227   Thumb Code     0  startup_stm32f767xx.o(.text)
    I2C2_ER_IRQHandler                       0x08000227   Thumb Code     0  startup_stm32f767xx.o(.text)
    I2C2_EV_IRQHandler                       0x08000227   Thumb Code     0  startup_stm32f767xx.o(.text)
    I2C3_ER_IRQHandler                       0x08000227   Thumb Code     0  startup_stm32f767xx.o(.text)
    I2C3_EV_IRQHandler                       0x08000227   Thumb Code     0  startup_stm32f767xx.o(.text)
    I2C4_ER_IRQHandler                       0x08000227   Thumb Code     0  startup_stm32f767xx.o(.text)
    I2C4_EV_IRQHandler                       0x08000227   Thumb Code     0  startup_stm32f767xx.o(.text)
    JPEG_IRQHandler                          0x08000227   Thumb Code     0  startup_stm32f767xx.o(.text)
    LPTIM1_IRQHandler                        0x08000227   Thumb Code     0  startup_stm32f767xx.o(.text)
    LTDC_ER_IRQHandler                       0x08000227   Thumb Code     0  startup_stm32f767xx.o(.text)
    LTDC_IRQHandler                          0x08000227   Thumb Code     0  startup_stm32f767xx.o(.text)
    MDIOS_IRQHandler                         0x08000227   Thumb Code     0  startup_stm32f767xx.o(.text)
    OTG_FS_IRQHandler                        0x08000227   Thumb Code     0  startup_stm32f767xx.o(.text)
    OTG_FS_WKUP_IRQHandler                   0x08000227   Thumb Code     0  startup_stm32f767xx.o(.text)
    OTG_HS_EP1_IN_IRQHandler                 0x08000227   Thumb Code     0  startup_stm32f767xx.o(.text)
    OTG_HS_EP1_OUT_IRQHandler                0x08000227   Thumb Code     0  startup_stm32f767xx.o(.text)
    OTG_HS_IRQHandler                        0x08000227   Thumb Code     0  startup_stm32f767xx.o(.text)
    OTG_HS_WKUP_IRQHandler                   0x08000227   Thumb Code     0  startup_stm32f767xx.o(.text)
    PVD_IRQHandler                           0x08000227   Thumb Code     0  startup_stm32f767xx.o(.text)
    QUADSPI_IRQHandler                       0x08000227   Thumb Code     0  startup_stm32f767xx.o(.text)
    RCC_IRQHandler                           0x08000227   Thumb Code     0  startup_stm32f767xx.o(.text)
    RNG_IRQHandler                           0x08000227   Thumb Code     0  startup_stm32f767xx.o(.text)
    RTC_Alarm_IRQHandler                     0x08000227   Thumb Code     0  startup_stm32f767xx.o(.text)
    RTC_WKUP_IRQHandler                      0x08000227   Thumb Code     0  startup_stm32f767xx.o(.text)
    SAI1_IRQHandler                          0x08000227   Thumb Code     0  startup_stm32f767xx.o(.text)
    SAI2_IRQHandler                          0x08000227   Thumb Code     0  startup_stm32f767xx.o(.text)
    SDMMC1_IRQHandler                        0x08000227   Thumb Code     0  startup_stm32f767xx.o(.text)
    SDMMC2_IRQHandler                        0x08000227   Thumb Code     0  startup_stm32f767xx.o(.text)
    SPDIF_RX_IRQHandler                      0x08000227   Thumb Code     0  startup_stm32f767xx.o(.text)
    SPI1_IRQHandler                          0x08000227   Thumb Code     0  startup_stm32f767xx.o(.text)
    SPI2_IRQHandler                          0x08000227   Thumb Code     0  startup_stm32f767xx.o(.text)
    SPI3_IRQHandler                          0x08000227   Thumb Code     0  startup_stm32f767xx.o(.text)
    SPI4_IRQHandler                          0x08000227   Thumb Code     0  startup_stm32f767xx.o(.text)
    SPI5_IRQHandler                          0x08000227   Thumb Code     0  startup_stm32f767xx.o(.text)
    SPI6_IRQHandler                          0x08000227   Thumb Code     0  startup_stm32f767xx.o(.text)
    TAMP_STAMP_IRQHandler                    0x08000227   Thumb Code     0  startup_stm32f767xx.o(.text)
    TIM1_BRK_TIM9_IRQHandler                 0x08000227   Thumb Code     0  startup_stm32f767xx.o(.text)
    TIM1_CC_IRQHandler                       0x08000227   Thumb Code     0  startup_stm32f767xx.o(.text)
    TIM1_TRG_COM_TIM11_IRQHandler            0x08000227   Thumb Code     0  startup_stm32f767xx.o(.text)
    TIM1_UP_TIM10_IRQHandler                 0x08000227   Thumb Code     0  startup_stm32f767xx.o(.text)
    TIM2_IRQHandler                          0x08000227   Thumb Code     0  startup_stm32f767xx.o(.text)
    TIM3_IRQHandler                          0x08000227   Thumb Code     0  startup_stm32f767xx.o(.text)
    TIM4_IRQHandler                          0x08000227   Thumb Code     0  startup_stm32f767xx.o(.text)
    TIM5_IRQHandler                          0x08000227   Thumb Code     0  startup_stm32f767xx.o(.text)
    TIM6_DAC_IRQHandler                      0x08000227   Thumb Code     0  startup_stm32f767xx.o(.text)
    TIM8_BRK_TIM12_IRQHandler                0x08000227   Thumb Code     0  startup_stm32f767xx.o(.text)
    TIM8_CC_IRQHandler                       0x08000227   Thumb Code     0  startup_stm32f767xx.o(.text)
    TIM8_TRG_COM_TIM14_IRQHandler            0x08000227   Thumb Code     0  startup_stm32f767xx.o(.text)
    TIM8_UP_TIM13_IRQHandler                 0x08000227   Thumb Code     0  startup_stm32f767xx.o(.text)
    UART4_IRQHandler                         0x08000227   Thumb Code     0  startup_stm32f767xx.o(.text)
    UART5_IRQHandler                         0x08000227   Thumb Code     0  startup_stm32f767xx.o(.text)
    UART7_IRQHandler                         0x08000227   Thumb Code     0  startup_stm32f767xx.o(.text)
    UART8_IRQHandler                         0x08000227   Thumb Code     0  startup_stm32f767xx.o(.text)
    USART1_IRQHandler                        0x08000227   Thumb Code     0  startup_stm32f767xx.o(.text)
    USART2_IRQHandler                        0x08000227   Thumb Code     0  startup_stm32f767xx.o(.text)
    USART6_IRQHandler                        0x08000227   Thumb Code     0  startup_stm32f767xx.o(.text)
    WWDG_IRQHandler                          0x08000227   Thumb Code     0  startup_stm32f767xx.o(.text)
    __aeabi_uldivmod                         0x08000231   Thumb Code    98  uldiv.o(.text)
    __aeabi_memset                           0x08000293   Thumb Code    14  memseta.o(.text)
    __aeabi_memset4                          0x08000293   Thumb Code     0  memseta.o(.text)
    __aeabi_memset8                          0x08000293   Thumb Code     0  memseta.o(.text)
    __aeabi_memclr                           0x080002a1   Thumb Code     4  memseta.o(.text)
    __aeabi_memclr4                          0x080002a1   Thumb Code     0  memseta.o(.text)
    __aeabi_memclr8                          0x080002a1   Thumb Code     0  memseta.o(.text)
    _memset$wrapper                          0x080002a5   Thumb Code    18  memseta.o(.text)
    strcmp                                   0x080002b7   Thumb Code    28  strcmp.o(.text)
    __aeabi_uidiv                            0x080002d3   Thumb Code     0  uidiv.o(.text)
    __aeabi_uidivmod                         0x080002d3   Thumb Code    44  uidiv.o(.text)
    __aeabi_llsl                             0x080002ff   Thumb Code    30  llshl.o(.text)
    _ll_shift_l                              0x080002ff   Thumb Code     0  llshl.o(.text)
    __aeabi_llsr                             0x0800031d   Thumb Code    32  llushr.o(.text)
    _ll_ushift_r                             0x0800031d   Thumb Code     0  llushr.o(.text)
    __I$use$fp                               0x0800033d   Thumb Code     0  iusefp.o(.text)
    __aeabi_dadd                             0x0800033d   Thumb Code   322  dadd.o(.text)
    __aeabi_dsub                             0x0800047f   Thumb Code     6  dadd.o(.text)
    __aeabi_drsub                            0x08000485   Thumb Code     6  dadd.o(.text)
    __aeabi_dmul                             0x0800048b   Thumb Code   228  dmul.o(.text)
    __aeabi_ddiv                             0x0800056f   Thumb Code   222  ddiv.o(.text)
    __ARM_scalbn                             0x0800064d   Thumb Code    46  dscalb.o(.text)
    scalbn                                   0x0800064d   Thumb Code     0  dscalb.o(.text)
    __aeabi_d2ulz                            0x0800067b   Thumb Code    48  dfixul.o(.text)
    __aeabi_cdrcmple                         0x080006ad   Thumb Code    48  cdrcmple.o(.text)
    __scatterload                            0x080006dd   Thumb Code    28  init.o(.text)
    __scatterload_rt2                        0x080006dd   Thumb Code     0  init.o(.text)
    __aeabi_lasr                             0x08000701   Thumb Code    36  llsshr.o(.text)
    _ll_sshift_r                             0x08000701   Thumb Code     0  llsshr.o(.text)
    _double_round                            0x08000725   Thumb Code    30  depilogue.o(.text)
    _double_epilogue                         0x08000743   Thumb Code   156  depilogue.o(.text)
    ADC_IRQHandler                           0x080007e1   Thumb Code    16  stm32f7xx_it.o(i.ADC_IRQHandler)
    AddrGpioPort                             0x08000969   Thumb Code    10  commands.o(i.AddrGpioPort)
    BusFault_Handler                         0x08000979   Thumb Code     4  stm32f7xx_it.o(i.BusFault_Handler)
    DebugMon_Handler                         0x0800097d   Thumb Code     2  stm32f7xx_it.o(i.DebugMon_Handler)
    EXTI15_10_IRQHandler                     0x0800097f   Thumb Code    12  stm32f7xx_it.o(i.EXTI15_10_IRQHandler)
    Error_Handler                            0x0800098b   Thumb Code     2  main.o(i.Error_Handler)
    HAL_ADCEx_InjectedConvCpltCallback       0x0800098d   Thumb Code     2  stm32f7xx_hal_adc_ex.o(i.HAL_ADCEx_InjectedConvCpltCallback)
    HAL_ADC_ConfigChannel                    0x08000991   Thumb Code   450  stm32f7xx_hal_adc.o(i.HAL_ADC_ConfigChannel)
    HAL_ADC_ConvCpltCallback                 0x08000b69   Thumb Code    56  adc.o(i.HAL_ADC_ConvCpltCallback)
    HAL_ADC_ErrorCallback                    0x08000bc1   Thumb Code     2  stm32f7xx_hal_adc.o(i.HAL_ADC_ErrorCallback)
    HAL_ADC_GetValue                         0x08000bc3   Thumb Code     8  stm32f7xx_hal_adc.o(i.HAL_ADC_GetValue)
    HAL_ADC_IRQHandler                       0x08000bcb   Thumb Code   372  stm32f7xx_hal_adc.o(i.HAL_ADC_IRQHandler)
    HAL_ADC_Init                             0x08000d41   Thumb Code   100  stm32f7xx_hal_adc.o(i.HAL_ADC_Init)
    HAL_ADC_LevelOutOfWindowCallback         0x08000da9   Thumb Code     2  stm32f7xx_hal_adc.o(i.HAL_ADC_LevelOutOfWindowCallback)
    HAL_ADC_MspInit                          0x08000dad   Thumb Code   228  adc.o(i.HAL_ADC_MspInit)
    HAL_ADC_Start_IT                         0x08000ea1   Thumb Code   294  stm32f7xx_hal_adc.o(i.HAL_ADC_Start_IT)
    HAL_DMA_Abort_IT                         0x08000fe1   Thumb Code    40  stm32f7xx_hal_dma.o(i.HAL_DMA_Abort_IT)
    HAL_Delay                                0x08001009   Thumb Code    36  stm32f7xx_hal.o(i.HAL_Delay)
    HAL_GPIO_EXTI_Callback                   0x08001031   Thumb Code     2  stm32f7xx_hal_gpio.o(i.HAL_GPIO_EXTI_Callback)
    HAL_GPIO_EXTI_IRQHandler                 0x08001035   Thumb Code    24  stm32f7xx_hal_gpio.o(i.HAL_GPIO_EXTI_IRQHandler)
    HAL_GPIO_Init                            0x08001051   Thumb Code   484  stm32f7xx_hal_gpio.o(i.HAL_GPIO_Init)
    HAL_GPIO_WritePin                        0x08001269   Thumb Code    12  stm32f7xx_hal_gpio.o(i.HAL_GPIO_WritePin)
    HAL_GetTick                              0x08001275   Thumb Code     6  stm32f7xx_hal.o(i.HAL_GetTick)
    HAL_IncTick                              0x08001281   Thumb Code    16  stm32f7xx_hal.o(i.HAL_IncTick)
    HAL_Init                                 0x08001299   Thumb Code    22  stm32f7xx_hal.o(i.HAL_Init)
    HAL_InitTick                             0x080012b1   Thumb Code    64  stm32f7xx_hal.o(i.HAL_InitTick)
    HAL_MspInit                              0x080012fd   Thumb Code    60  stm32f7xx_hal_msp.o(i.HAL_MspInit)
    HAL_NVIC_EnableIRQ                       0x0800133d   Thumb Code    32  stm32f7xx_hal_cortex.o(i.HAL_NVIC_EnableIRQ)
    HAL_NVIC_SetPriority                     0x0800135d   Thumb Code   124  stm32f7xx_hal_cortex.o(i.HAL_NVIC_SetPriority)
    HAL_NVIC_SetPriorityGrouping             0x080013d9   Thumb Code    32  stm32f7xx_hal_cortex.o(i.HAL_NVIC_SetPriorityGrouping)
    HAL_PWREx_EnableOverDrive                0x08001401   Thumb Code   136  stm32f7xx_hal_pwr_ex.o(i.HAL_PWREx_EnableOverDrive)
    HAL_RCCEx_PeriphCLKConfig                0x08001491   Thumb Code  1876  stm32f7xx_hal_rcc_ex.o(i.HAL_RCCEx_PeriphCLKConfig)
    HAL_RCC_ClockConfig                      0x08001be9   Thumb Code   384  stm32f7xx_hal_rcc.o(i.HAL_RCC_ClockConfig)
    HAL_RCC_GetHCLKFreq                      0x08001d7d   Thumb Code     6  stm32f7xx_hal_rcc.o(i.HAL_RCC_GetHCLKFreq)
    HAL_RCC_GetPCLK1Freq                     0x08001d89   Thumb Code    22  stm32f7xx_hal_rcc.o(i.HAL_RCC_GetPCLK1Freq)
    HAL_RCC_GetPCLK2Freq                     0x08001da9   Thumb Code    22  stm32f7xx_hal_rcc.o(i.HAL_RCC_GetPCLK2Freq)
    HAL_RCC_GetSysClockFreq                  0x08001dc9   Thumb Code   162  stm32f7xx_hal_rcc.o(i.HAL_RCC_GetSysClockFreq)
    HAL_RCC_OscConfig                        0x08001e75   Thumb Code  1296  stm32f7xx_hal_rcc.o(i.HAL_RCC_OscConfig)
    HAL_SYSTICK_Config                       0x08002389   Thumb Code    52  stm32f7xx_hal_cortex.o(i.HAL_SYSTICK_Config)
    HAL_TIMEx_Break2Callback                 0x080023bd   Thumb Code     2  stm32f7xx_hal_tim_ex.o(i.HAL_TIMEx_Break2Callback)
    HAL_TIMEx_BreakCallback                  0x080023bf   Thumb Code     2  stm32f7xx_hal_tim_ex.o(i.HAL_TIMEx_BreakCallback)
    HAL_TIMEx_CommutCallback                 0x080023c1   Thumb Code     2  stm32f7xx_hal_tim_ex.o(i.HAL_TIMEx_CommutCallback)
    HAL_TIMEx_MasterConfigSynchronization    0x080023c5   Thumb Code   174  stm32f7xx_hal_tim_ex.o(i.HAL_TIMEx_MasterConfigSynchronization)
    HAL_TIM_Base_Init                        0x08002491   Thumb Code    52  stm32f7xx_hal_tim.o(i.HAL_TIM_Base_Init)
    HAL_TIM_Base_MspInit                     0x080024c5   Thumb Code   130  tim.o(i.HAL_TIM_Base_MspInit)
    HAL_TIM_Base_Start                       0x08002559   Thumb Code    50  stm32f7xx_hal_tim.o(i.HAL_TIM_Base_Start)
    HAL_TIM_ConfigClockSource                0x08002591   Thumb Code   264  stm32f7xx_hal_tim.o(i.HAL_TIM_ConfigClockSource)
    HAL_TIM_IC_CaptureCallback               0x0800269d   Thumb Code     2  stm32f7xx_hal_tim.o(i.HAL_TIM_IC_CaptureCallback)
    HAL_TIM_IRQHandler                       0x0800269f   Thumb Code   440  stm32f7xx_hal_tim.o(i.HAL_TIM_IRQHandler)
    HAL_TIM_MspPostInit                      0x08002859   Thumb Code   146  tim.o(i.HAL_TIM_MspPostInit)
    HAL_TIM_OC_DelayElapsedCallback          0x08002901   Thumb Code     2  stm32f7xx_hal_tim.o(i.HAL_TIM_OC_DelayElapsedCallback)
    HAL_TIM_PWM_ConfigChannel                0x08002903   Thumb Code   372  stm32f7xx_hal_tim.o(i.HAL_TIM_PWM_ConfigChannel)
    HAL_TIM_PWM_Init                         0x08002a77   Thumb Code    52  stm32f7xx_hal_tim.o(i.HAL_TIM_PWM_Init)
    HAL_TIM_PWM_MspInit                      0x08002aab   Thumb Code     2  stm32f7xx_hal_tim.o(i.HAL_TIM_PWM_MspInit)
    HAL_TIM_PWM_PulseFinishedCallback        0x08002aad   Thumb Code     2  stm32f7xx_hal_tim.o(i.HAL_TIM_PWM_PulseFinishedCallback)
    HAL_TIM_PWM_Start                        0x08002ab1   Thumb Code    88  stm32f7xx_hal_tim.o(i.HAL_TIM_PWM_Start)
    HAL_TIM_PeriodElapsedCallback            0x08002b15   Thumb Code    64  tim.o(i.HAL_TIM_PeriodElapsedCallback)
    HAL_TIM_TriggerCallback                  0x08002b65   Thumb Code     2  stm32f7xx_hal_tim.o(i.HAL_TIM_TriggerCallback)
    HAL_UARTEx_WakeupCallback                0x08002b67   Thumb Code     2  stm32f7xx_hal_uart.o(i.HAL_UARTEx_WakeupCallback)
    HAL_UART_ErrorCallback                   0x08002b69   Thumb Code     2  stm32f7xx_hal_uart.o(i.HAL_UART_ErrorCallback)
    HAL_UART_IRQHandler                      0x08002b6d   Thumb Code   430  stm32f7xx_hal_uart.o(i.HAL_UART_IRQHandler)
    HAL_UART_Init                            0x08002d21   Thumb Code   116  stm32f7xx_hal_uart.o(i.HAL_UART_Init)
    HAL_UART_MspInit                         0x08002d95   Thumb Code   132  usart.o(i.HAL_UART_MspInit)
    HAL_UART_Receive_IT                      0x08002e25   Thumb Code   218  stm32f7xx_hal_uart.o(i.HAL_UART_Receive_IT)
    HAL_UART_RxCpltCallback                  0x08002f09   Thumb Code    30  usart.o(i.HAL_UART_RxCpltCallback)
    HAL_UART_Transmit                        0x08002f39   Thumb Code   210  stm32f7xx_hal_uart.o(i.HAL_UART_Transmit)
    HAL_UART_Transmit_IT                     0x0800300d   Thumb Code   112  stm32f7xx_hal_uart.o(i.HAL_UART_Transmit_IT)
    HAL_UART_TxCpltCallback                  0x08003085   Thumb Code    48  usart.o(i.HAL_UART_TxCpltCallback)
    HardFault_Handler                        0x080030c1   Thumb Code     4  stm32f7xx_it.o(i.HardFault_Handler)
    HexString_to_Int                         0x080030c5   Thumb Code   178  commands.o(i.HexString_to_Int)
    MX_ADC1_Init                             0x08003179   Thumb Code   100  adc.o(i.MX_ADC1_Init)
    MX_ADC2_Init                             0x080031e9   Thumb Code   100  adc.o(i.MX_ADC2_Init)
    MX_GPIO_Init                             0x08003259   Thumb Code   326  gpio.o(i.MX_GPIO_Init)
    MX_TIM3_Init                             0x080033b9   Thumb Code   176  tim.o(i.MX_TIM3_Init)
    MX_TIM4_Init                             0x08003471   Thumb Code   196  tim.o(i.MX_TIM4_Init)
    MX_TIM7_Init                             0x0800353d   Thumb Code    70  tim.o(i.MX_TIM7_Init)
    MX_USART3_UART_Init                      0x0800358d   Thumb Code    56  usart.o(i.MX_USART3_UART_Init)
    MakePinInput                             0x080035cd   Thumb Code   142  commands.o(i.MakePinInput)
    MakePinOutput                            0x0800369d   Thumb Code   144  commands.o(i.MakePinOutput)
    MemManage_Handler                        0x0800376d   Thumb Code     4  stm32f7xx_it.o(i.MemManage_Handler)
    MemoryRead                               0x08003771   Thumb Code   120  commands.o(i.MemoryRead)
    MemoryWrite                              0x08003809   Thumb Code   126  commands.o(i.MemoryWrite)
    NMI_Handler                              0x0800388d   Thumb Code     2  stm32f7xx_it.o(i.NMI_Handler)
    PendSV_Handler                           0x0800388f   Thumb Code     2  stm32f7xx_it.o(i.PendSV_Handler)
    PrinfHelp                                0x08003891   Thumb Code    56  usart.o(i.PrinfHelp)
    PrintADC                                 0x08003909   Thumb Code    14  commands.o(i.PrintADC)
    PrintVersion                             0x08003929   Thumb Code    22  commands.o(i.PrintVersion)
    ReadDigitalInput                         0x08003971   Thumb Code   146  commands.o(i.ReadDigitalInput)
    Rx_Buffer_pop                            0x08003a4d   Thumb Code    40  usart.o(i.Rx_Buffer_pop)
    Rx_Buffer_push                           0x08003a81   Thumb Code    44  usart.o(i.Rx_Buffer_push)
    Rx_StrPop                                0x08003ab9   Thumb Code    52  commands.o(i.Rx_StrPop)
    Rx_char_parsing                          0x08003aed   Thumb Code    78  usart.o(i.Rx_char_parsing)
    SVC_Handler                              0x08003b49   Thumb Code     2  stm32f7xx_it.o(i.SVC_Handler)
    SysTick_Handler                          0x08003b4b   Thumb Code     8  stm32f7xx_it.o(i.SysTick_Handler)
    SystemClock_Config                       0x08003b55   Thumb Code   204  main.o(i.SystemClock_Config)
    SystemInit                               0x08003c29   Thumb Code    82  system_stm32f7xx.o(i.SystemInit)
    TIM7_IRQHandler                          0x08003c8d   Thumb Code    10  stm32f7xx_it.o(i.TIM7_IRQHandler)
    TIM_Base_SetConfig                       0x08003c9d   Thumb Code   170  stm32f7xx_hal_tim.o(i.TIM_Base_SetConfig)
    TIM_CCxChannelCmd                        0x08003d75   Thumb Code    34  stm32f7xx_hal_tim.o(i.TIM_CCxChannelCmd)
    TIM_ETR_SetConfig                        0x08003d97   Thumb Code    22  stm32f7xx_hal_tim.o(i.TIM_ETR_SetConfig)
    TIM_OC2_SetConfig                        0x08003e35   Thumb Code   114  stm32f7xx_hal_tim.o(i.TIM_OC2_SetConfig)
    Tx_Buffer_pop                            0x0800407d   Thumb Code    42  usart.o(i.Tx_Buffer_pop)
    Tx_Buffer_push                           0x080040b5   Thumb Code    46  usart.o(i.Tx_Buffer_push)
    Tx_StrPush                               0x080040f1   Thumb Code    34  commands.o(i.Tx_StrPush)
    UART_AdvFeatureConfig                    0x08004113   Thumb Code   248  stm32f7xx_hal_uart.o(i.UART_AdvFeatureConfig)
    UART_CheckIdleState                      0x0800420b   Thumb Code   110  stm32f7xx_hal_uart.o(i.UART_CheckIdleState)
    UART_SetConfig                           0x080043a9   Thumb Code   886  stm32f7xx_hal_uart.o(i.UART_SetConfig)
    UART_WaitOnFlagUntilTimeout              0x080047d5   Thumb Code   180  stm32f7xx_hal_uart.o(i.UART_WaitOnFlagUntilTimeout)
    USART3_IRQHandler                        0x08004889   Thumb Code    10  stm32f7xx_it.o(i.USART3_IRQHandler)
    UsageFault_Handler                       0x08004899   Thumb Code     4  stm32f7xx_it.o(i.UsageFault_Handler)
    Validation_1_switch                      0x0800489d   Thumb Code   164  commands.o(i.Validation_1_switch)
    WriteDigitalOutput                       0x08004971   Thumb Code   160  commands.o(i.WriteDigitalOutput)
    __0printf                                0x08004a55   Thumb Code    22  printfa.o(i.__0printf)
    __1printf                                0x08004a55   Thumb Code     0  printfa.o(i.__0printf)
    __2printf                                0x08004a55   Thumb Code     0  printfa.o(i.__0printf)
    __c89printf                              0x08004a55   Thumb Code     0  printfa.o(i.__0printf)
    printf                                   0x08004a55   Thumb Code     0  printfa.o(i.__0printf)
    __ARM_fpclassify                         0x08004a75   Thumb Code    48  fpclassify.o(i.__ARM_fpclassify)
    __hardfp_pow                             0x08004ae1   Thumb Code  2140  pow.o(i.__hardfp_pow)
    __kernel_poly                            0x080053d9   Thumb Code   112  poly.o(i.__kernel_poly)
    __mathlib_dbl_divzero                    0x08005449   Thumb Code    14  dunder.o(i.__mathlib_dbl_divzero)
    __mathlib_dbl_infnan2                    0x08005469   Thumb Code     6  dunder.o(i.__mathlib_dbl_infnan2)
    __mathlib_dbl_invalid                    0x08005471   Thumb Code    10  dunder.o(i.__mathlib_dbl_invalid)
    __mathlib_dbl_overflow                   0x08005489   Thumb Code    10  dunder.o(i.__mathlib_dbl_overflow)
    __mathlib_dbl_underflow                  0x080054a1   Thumb Code    10  dunder.o(i.__mathlib_dbl_underflow)
    __scatterload_copy                       0x080054b9   Thumb Code    14  handlers.o(i.__scatterload_copy)
    __scatterload_null                       0x080054c7   Thumb Code     2  handlers.o(i.__scatterload_null)
    __scatterload_zeroinit                   0x080054c9   Thumb Code    14  handlers.o(i.__scatterload_zeroinit)
    __set_errno                              0x080054d9   Thumb Code     6  errno.o(i.__set_errno)
    duty_cycle_buck_calc                     0x08005d99   Thumb Code   274  dutyinterleaved.o(i.duty_cycle_buck_calc)
    exec_BCKSP                               0x08005f01   Thumb Code    24  usart.o(i.exec_BCKSP)
    exec_DOLLAR                              0x08005f21   Thumb Code     2  usart.o(i.exec_DOLLAR)
    exec_ESC                                 0x08005f25   Thumb Code    10  usart.o(i.exec_ESC)
    fabs                                     0x08005f39   Thumb Code    24  fabs.o(i.fabs)
    fputc                                    0x08005f51   Thumb Code    20  usart.o(i.fputc)
    init_UART3                               0x08005f69   Thumb Code    14  usart.o(i.init_UART3)
    main                                     0x08005f81   Thumb Code   186  main.o(i.main)
    process_control                          0x0800608d   Thumb Code    48  usart.o(i.process_control)
    size_array                               0x080060c5   Thumb Code     4  commands.o(i.size_array)
    sqrt                                     0x080060c9   Thumb Code   106  sqrt.o(i.sqrt)
    AHBPrescTable                            0x08006132   Data          16  system_stm32f7xx.o(.constdata)
    APBPrescTable                            0x08006142   Data           8  system_stm32f7xx.o(.constdata)
    __mathlib_zero                           0x080061d8   Data           8  qnan.o(.constdata)
    Region$$Table$$Base                      0x080061e0   Number         0  anon$$obj.o(Region$$Table)
    Region$$Table$$Limit                     0x08006200   Number         0  anon$$obj.o(Region$$Table)
    last_char_valid1_string                  0x20000000   Data           4  commands.o(.data)
    funcArray                                0x20000004   Data          96  commands.o(.data)
    ki                                       0x20000064   Data           4  dutyinterleaved.o(.data)
    kp                                       0x20000068   Data           4  dutyinterleaved.o(.data)
    integral                                 0x2000006c   Data           4  dutyinterleaved.o(.data)
    erro                                     0x20000070   Data           4  dutyinterleaved.o(.data)
    duty                                     0x20000074   Data           4  dutyinterleaved.o(.data)
    sensorI_1                                0x20000078   Data           4  dutyinterleaved.o(.data)
    rawVoltage_1                             0x2000007c   Data           4  dutyinterleaved.o(.data)
    sensorI_2                                0x20000080   Data           4  dutyinterleaved.o(.data)
    rawVoltage_2                             0x20000084   Data           4  dutyinterleaved.o(.data)
    ADC1_chn4_value                          0x20000088   Data           2  adc.o(.data)
    ADC2_chn5_value                          0x2000008a   Data           2  adc.o(.data)
    ADC1Flag                                 0x2000008c   Data           1  adc.o(.data)
    ADC2Flag                                 0x2000008d   Data           1  adc.o(.data)
    Rx_Bf_read                               0x20000090   Data           1  usart.o(.data)
    Rx_Bf_write                              0x20000091   Data           1  usart.o(.data)
    UART3_Rx_char                            0x20000092   Data           1  usart.o(.data)
    receive_flag                             0x20000093   Data           1  usart.o(.data)
    Rx_ready_Process                         0x20000094   Data           1  usart.o(.data)
    Tx_Bf_read                               0x20000096   Data           2  usart.o(.data)
    Tx_Bf_write                              0x20000098   Data           2  usart.o(.data)
    UART3_Tx_char                            0x2000009a   Data           1  usart.o(.data)
    control_Array                            0x2000009c   Data          32  usart.o(.data)
    uwTick                                   0x200000bc   Data           4  stm32f7xx_hal.o(.data)
    uwTickPrio                               0x200000c0   Data           4  stm32f7xx_hal.o(.data)
    uwTickFreq                               0x200000c4   Data           1  stm32f7xx_hal.o(.data)
    SystemCoreClock                          0x200000c8   Data           4  system_stm32f7xx.o(.data)
    __stdout                                 0x200000cc   Data           4  stdout.o(.data)
    hadc1                                    0x200000d4   Data          72  adc.o(.bss)
    hadc2                                    0x2000011c   Data          72  adc.o(.bss)
    sinForPWM                                0x20000164   Data         400  tim.o(.bss)
    htim3                                    0x200002f4   Data          64  tim.o(.bss)
    htim4                                    0x20000334   Data          64  tim.o(.bss)
    htim7                                    0x20000374   Data          64  tim.o(.bss)
    Rx_BufferM                               0x200003b4   Data         256  usart.o(.bss)
    Tx_BufferM                               0x200004b4   Data         256  usart.o(.bss)
    huart3                                   0x200005b4   Data         128  usart.o(.bss)
    __initial_sp                             0x20000a38   Data           0  startup_stm32f767xx.o(STACK)



==============================================================================

Memory Map of the image

  Image Entry point : 0x080001f9

  Load Region LR_IROM1 (Base: 0x08000000, Size: 0x000062d4, Max: 0x00200000, ABSOLUTE)

    Execution Region ER_IROM1 (Exec base: 0x08000000, Load base: 0x08000000, Size: 0x00006200, Max: 0x00200000, ABSOLUTE)

    Exec Addr    Load Addr    Size         Type   Attr      Idx    E Section Name        Object

    0x08000000   0x08000000   0x000001f8   Data   RO            3    RESET               startup_stm32f767xx.o
    0x080001f8   0x080001f8   0x00000000   Code   RO         4242  * .ARM.Collect$$$$00000000  mc_w.l(entry.o)
    0x080001f8   0x080001f8   0x00000004   Code   RO         4549    .ARM.Collect$$$$00000001  mc_w.l(entry2.o)
    0x080001fc   0x080001fc   0x00000004   Code   RO         4552    .ARM.Collect$$$$00000004  mc_w.l(entry5.o)
    0x08000200   0x08000200   0x00000000   Code   RO         4554    .ARM.Collect$$$$00000008  mc_w.l(entry7b.o)
    0x08000200   0x08000200   0x00000000   Code   RO         4556    .ARM.Collect$$$$0000000A  mc_w.l(entry8b.o)
    0x08000200   0x08000200   0x00000008   Code   RO         4557    .ARM.Collect$$$$0000000B  mc_w.l(entry9a.o)
    0x08000208   0x08000208   0x00000000   Code   RO         4559    .ARM.Collect$$$$0000000D  mc_w.l(entry10a.o)
    0x08000208   0x08000208   0x00000000   Code   RO         4561    .ARM.Collect$$$$0000000F  mc_w.l(entry11a.o)
    0x08000208   0x08000208   0x00000004   Code   RO         4550    .ARM.Collect$$$$00002712  mc_w.l(entry2.o)
    0x0800020c   0x0800020c   0x00000024   Code   RO            4    .text               startup_stm32f767xx.o
    0x08000230   0x08000230   0x00000062   Code   RO         4245    .text               mc_w.l(uldiv.o)
    0x08000292   0x08000292   0x00000024   Code   RO         4247    .text               mc_w.l(memseta.o)
    0x080002b6   0x080002b6   0x0000001c   Code   RO         4249    .text               mc_w.l(strcmp.o)
    0x080002d2   0x080002d2   0x0000002c   Code   RO         4564    .text               mc_w.l(uidiv.o)
    0x080002fe   0x080002fe   0x0000001e   Code   RO         4566    .text               mc_w.l(llshl.o)
    0x0800031c   0x0800031c   0x00000020   Code   RO         4568    .text               mc_w.l(llushr.o)
    0x0800033c   0x0800033c   0x00000000   Code   RO         4577    .text               mc_w.l(iusefp.o)
    0x0800033c   0x0800033c   0x0000014e   Code   RO         4578    .text               mf_w.l(dadd.o)
    0x0800048a   0x0800048a   0x000000e4   Code   RO         4580    .text               mf_w.l(dmul.o)
    0x0800056e   0x0800056e   0x000000de   Code   RO         4582    .text               mf_w.l(ddiv.o)
    0x0800064c   0x0800064c   0x0000002e   Code   RO         4584    .text               mf_w.l(dscalb.o)
    0x0800067a   0x0800067a   0x00000030   Code   RO         4586    .text               mf_w.l(dfixul.o)
    0x080006aa   0x080006aa   0x00000002   PAD
    0x080006ac   0x080006ac   0x00000030   Code   RO         4588    .text               mf_w.l(cdrcmple.o)
    0x080006dc   0x080006dc   0x00000024   Code   RO         4590    .text               mc_w.l(init.o)
    0x08000700   0x08000700   0x00000024   Code   RO         4592    .text               mc_w.l(llsshr.o)
    0x08000724   0x08000724   0x000000ba   Code   RO         4594    .text               mf_w.l(depilogue.o)
    0x080007de   0x080007de   0x00000002   PAD
    0x080007e0   0x080007e0   0x00000018   Code   RO          639    i.ADC_IRQHandler    stm32f7xx_it.o
    0x080007f8   0x080007f8   0x00000170   Code   RO          766    i.ADC_Init          stm32f7xx_hal_adc.o
    0x08000968   0x08000968   0x00000010   Code   RO           13    i.AddrGpioPort      commands.o
    0x08000978   0x08000978   0x00000004   Code   RO          640    i.BusFault_Handler  stm32f7xx_it.o
    0x0800097c   0x0800097c   0x00000002   Code   RO          641    i.DebugMon_Handler  stm32f7xx_it.o
    0x0800097e   0x0800097e   0x0000000c   Code   RO          642    i.EXTI15_10_IRQHandler  stm32f7xx_it.o
    0x0800098a   0x0800098a   0x00000002   Code   RO          300    i.Error_Handler     main.o
    0x0800098c   0x0800098c   0x00000002   Code   RO          937    i.HAL_ADCEx_InjectedConvCpltCallback  stm32f7xx_hal_adc_ex.o
    0x0800098e   0x0800098e   0x00000002   PAD
    0x08000990   0x08000990   0x000001d8   Code   RO          768    i.HAL_ADC_ConfigChannel  stm32f7xx_hal_adc.o
    0x08000b68   0x08000b68   0x00000058   Code   RO          375    i.HAL_ADC_ConvCpltCallback  adc.o
    0x08000bc0   0x08000bc0   0x00000002   Code   RO          772    i.HAL_ADC_ErrorCallback  stm32f7xx_hal_adc.o
    0x08000bc2   0x08000bc2   0x00000008   Code   RO          775    i.HAL_ADC_GetValue  stm32f7xx_hal_adc.o
    0x08000bca   0x08000bca   0x00000174   Code   RO          776    i.HAL_ADC_IRQHandler  stm32f7xx_hal_adc.o
    0x08000d3e   0x08000d3e   0x00000002   PAD
    0x08000d40   0x08000d40   0x00000068   Code   RO          777    i.HAL_ADC_Init      stm32f7xx_hal_adc.o
    0x08000da8   0x08000da8   0x00000002   Code   RO          778    i.HAL_ADC_LevelOutOfWindowCallback  stm32f7xx_hal_adc.o
    0x08000daa   0x08000daa   0x00000002   PAD
    0x08000dac   0x08000dac   0x000000f4   Code   RO          377    i.HAL_ADC_MspInit   adc.o
    0x08000ea0   0x08000ea0   0x00000140   Code   RO          785    i.HAL_ADC_Start_IT  stm32f7xx_hal_adc.o
    0x08000fe0   0x08000fe0   0x00000028   Code   RO         1497    i.HAL_DMA_Abort_IT  stm32f7xx_hal_dma.o
    0x08001008   0x08001008   0x00000028   Code   RO         2003    i.HAL_Delay         stm32f7xx_hal.o
    0x08001030   0x08001030   0x00000002   Code   RO         1428    i.HAL_GPIO_EXTI_Callback  stm32f7xx_hal_gpio.o
    0x08001032   0x08001032   0x00000002   PAD
    0x08001034   0x08001034   0x0000001c   Code   RO         1429    i.HAL_GPIO_EXTI_IRQHandler  stm32f7xx_hal_gpio.o
    0x08001050   0x08001050   0x00000218   Code   RO         1430    i.HAL_GPIO_Init     stm32f7xx_hal_gpio.o
    0x08001268   0x08001268   0x0000000c   Code   RO         1434    i.HAL_GPIO_WritePin  stm32f7xx_hal_gpio.o
    0x08001274   0x08001274   0x0000000c   Code   RO         2013    i.HAL_GetTick       stm32f7xx_hal.o
    0x08001280   0x08001280   0x00000018   Code   RO         2019    i.HAL_IncTick       stm32f7xx_hal.o
    0x08001298   0x08001298   0x00000016   Code   RO         2020    i.HAL_Init          stm32f7xx_hal.o
    0x080012ae   0x080012ae   0x00000002   PAD
    0x080012b0   0x080012b0   0x0000004c   Code   RO         2021    i.HAL_InitTick      stm32f7xx_hal.o
    0x080012fc   0x080012fc   0x00000040   Code   RO          739    i.HAL_MspInit       stm32f7xx_hal_msp.o
    0x0800133c   0x0800133c   0x00000020   Code   RO         1861    i.HAL_NVIC_EnableIRQ  stm32f7xx_hal_cortex.o
    0x0800135c   0x0800135c   0x0000007c   Code   RO         1867    i.HAL_NVIC_SetPriority  stm32f7xx_hal_cortex.o
    0x080013d8   0x080013d8   0x00000028   Code   RO         1868    i.HAL_NVIC_SetPriorityGrouping  stm32f7xx_hal_cortex.o
    0x08001400   0x08001400   0x00000090   Code   RO         1770    i.HAL_PWREx_EnableOverDrive  stm32f7xx_hal_pwr_ex.o
    0x08001490   0x08001490   0x00000758   Code   RO         1146    i.HAL_RCCEx_PeriphCLKConfig  stm32f7xx_hal_rcc_ex.o
    0x08001be8   0x08001be8   0x00000194   Code   RO         1039    i.HAL_RCC_ClockConfig  stm32f7xx_hal_rcc.o
    0x08001d7c   0x08001d7c   0x0000000c   Code   RO         1044    i.HAL_RCC_GetHCLKFreq  stm32f7xx_hal_rcc.o
    0x08001d88   0x08001d88   0x00000020   Code   RO         1046    i.HAL_RCC_GetPCLK1Freq  stm32f7xx_hal_rcc.o
    0x08001da8   0x08001da8   0x00000020   Code   RO         1047    i.HAL_RCC_GetPCLK2Freq  stm32f7xx_hal_rcc.o
    0x08001dc8   0x08001dc8   0x000000ac   Code   RO         1048    i.HAL_RCC_GetSysClockFreq  stm32f7xx_hal_rcc.o
    0x08001e74   0x08001e74   0x00000514   Code   RO         1051    i.HAL_RCC_OscConfig  stm32f7xx_hal_rcc.o
    0x08002388   0x08002388   0x00000034   Code   RO         1872    i.HAL_SYSTICK_Config  stm32f7xx_hal_cortex.o
    0x080023bc   0x080023bc   0x00000002   Code   RO         3475    i.HAL_TIMEx_Break2Callback  stm32f7xx_hal_tim_ex.o
    0x080023be   0x080023be   0x00000002   Code   RO         3476    i.HAL_TIMEx_BreakCallback  stm32f7xx_hal_tim_ex.o
    0x080023c0   0x080023c0   0x00000002   Code   RO         3477    i.HAL_TIMEx_CommutCallback  stm32f7xx_hal_tim_ex.o
    0x080023c2   0x080023c2   0x00000002   PAD
    0x080023c4   0x080023c4   0x000000cc   Code   RO         3496    i.HAL_TIMEx_MasterConfigSynchronization  stm32f7xx_hal_tim_ex.o
    0x08002490   0x08002490   0x00000034   Code   RO         2779    i.HAL_TIM_Base_Init  stm32f7xx_hal_tim.o
    0x080024c4   0x080024c4   0x00000094   Code   RO          431    i.HAL_TIM_Base_MspInit  tim.o
    0x08002558   0x08002558   0x00000038   Code   RO         2782    i.HAL_TIM_Base_Start  stm32f7xx_hal_tim.o
    0x08002590   0x08002590   0x0000010c   Code   RO         2788    i.HAL_TIM_ConfigClockSource  stm32f7xx_hal_tim.o
    0x0800269c   0x0800269c   0x00000002   Code   RO         2808    i.HAL_TIM_IC_CaptureCallback  stm32f7xx_hal_tim.o
    0x0800269e   0x0800269e   0x000001b8   Code   RO         2822    i.HAL_TIM_IRQHandler  stm32f7xx_hal_tim.o
    0x08002856   0x08002856   0x00000002   PAD
    0x08002858   0x08002858   0x000000a8   Code   RO          432    i.HAL_TIM_MspPostInit  tim.o
    0x08002900   0x08002900   0x00000002   Code   RO         2825    i.HAL_TIM_OC_DelayElapsedCallback  stm32f7xx_hal_tim.o
    0x08002902   0x08002902   0x00000174   Code   RO         2846    i.HAL_TIM_PWM_ConfigChannel  stm32f7xx_hal_tim.o
    0x08002a76   0x08002a76   0x00000034   Code   RO         2849    i.HAL_TIM_PWM_Init  stm32f7xx_hal_tim.o
    0x08002aaa   0x08002aaa   0x00000002   Code   RO         2851    i.HAL_TIM_PWM_MspInit  stm32f7xx_hal_tim.o
    0x08002aac   0x08002aac   0x00000002   Code   RO         2852    i.HAL_TIM_PWM_PulseFinishedCallback  stm32f7xx_hal_tim.o
    0x08002aae   0x08002aae   0x00000002   PAD
    0x08002ab0   0x08002ab0   0x00000064   Code   RO         2854    i.HAL_TIM_PWM_Start  stm32f7xx_hal_tim.o
    0x08002b14   0x08002b14   0x00000050   Code   RO          433    i.HAL_TIM_PeriodElapsedCallback  tim.o
    0x08002b64   0x08002b64   0x00000002   Code   RO         2865    i.HAL_TIM_TriggerCallback  stm32f7xx_hal_tim.o
    0x08002b66   0x08002b66   0x00000002   Code   RO         3753    i.HAL_UARTEx_WakeupCallback  stm32f7xx_hal_uart.o
    0x08002b68   0x08002b68   0x00000002   Code   RO         3769    i.HAL_UART_ErrorCallback  stm32f7xx_hal_uart.o
    0x08002b6a   0x08002b6a   0x00000002   PAD
    0x08002b6c   0x08002b6c   0x000001b4   Code   RO         3772    i.HAL_UART_IRQHandler  stm32f7xx_hal_uart.o
    0x08002d20   0x08002d20   0x00000074   Code   RO         3773    i.HAL_UART_Init     stm32f7xx_hal_uart.o
    0x08002d94   0x08002d94   0x00000090   Code   RO          501    i.HAL_UART_MspInit  usart.o
    0x08002e24   0x08002e24   0x000000e4   Code   RO         3778    i.HAL_UART_Receive_IT  stm32f7xx_hal_uart.o
    0x08002f08   0x08002f08   0x00000030   Code   RO          502    i.HAL_UART_RxCpltCallback  usart.o
    0x08002f38   0x08002f38   0x000000d2   Code   RO         3782    i.HAL_UART_Transmit  stm32f7xx_hal_uart.o
    0x0800300a   0x0800300a   0x00000002   PAD
    0x0800300c   0x0800300c   0x00000078   Code   RO         3784    i.HAL_UART_Transmit_IT  stm32f7xx_hal_uart.o
    0x08003084   0x08003084   0x0000003c   Code   RO          503    i.HAL_UART_TxCpltCallback  usart.o
    0x080030c0   0x080030c0   0x00000004   Code   RO          643    i.HardFault_Handler  stm32f7xx_it.o
    0x080030c4   0x080030c4   0x000000b2   Code   RO           16    i.HexString_to_Int  commands.o
    0x08003176   0x08003176   0x00000002   PAD
    0x08003178   0x08003178   0x00000070   Code   RO          378    i.MX_ADC1_Init      adc.o
    0x080031e8   0x080031e8   0x00000070   Code   RO          379    i.MX_ADC2_Init      adc.o
    0x08003258   0x08003258   0x00000160   Code   RO          351    i.MX_GPIO_Init      gpio.o
    0x080033b8   0x080033b8   0x000000b8   Code   RO          434    i.MX_TIM3_Init      tim.o
    0x08003470   0x08003470   0x000000cc   Code   RO          435    i.MX_TIM4_Init      tim.o
    0x0800353c   0x0800353c   0x00000050   Code   RO          436    i.MX_TIM7_Init      tim.o
    0x0800358c   0x0800358c   0x00000040   Code   RO          504    i.MX_USART3_UART_Init  usart.o
    0x080035cc   0x080035cc   0x000000d0   Code   RO           17    i.MakePinInput      commands.o
    0x0800369c   0x0800369c   0x000000d0   Code   RO           18    i.MakePinOutput     commands.o
    0x0800376c   0x0800376c   0x00000004   Code   RO          644    i.MemManage_Handler  stm32f7xx_it.o
    0x08003770   0x08003770   0x00000098   Code   RO           19    i.MemoryRead        commands.o
    0x08003808   0x08003808   0x00000084   Code   RO           20    i.MemoryWrite       commands.o
    0x0800388c   0x0800388c   0x00000002   Code   RO          645    i.NMI_Handler       stm32f7xx_it.o
    0x0800388e   0x0800388e   0x00000002   Code   RO          646    i.PendSV_Handler    stm32f7xx_it.o
    0x08003890   0x08003890   0x00000078   Code   RO          505    i.PrinfHelp         usart.o
    0x08003908   0x08003908   0x00000020   Code   RO           21    i.PrintADC          commands.o
    0x08003928   0x08003928   0x00000048   Code   RO           22    i.PrintVersion      commands.o
    0x08003970   0x08003970   0x000000dc   Code   RO           23    i.ReadDigitalInput  commands.o
    0x08003a4c   0x08003a4c   0x00000034   Code   RO          506    i.Rx_Buffer_pop     usart.o
    0x08003a80   0x08003a80   0x00000038   Code   RO          507    i.Rx_Buffer_push    usart.o
    0x08003ab8   0x08003ab8   0x00000034   Code   RO           24    i.Rx_StrPop         commands.o
    0x08003aec   0x08003aec   0x0000005c   Code   RO          508    i.Rx_char_parsing   usart.o
    0x08003b48   0x08003b48   0x00000002   Code   RO          647    i.SVC_Handler       stm32f7xx_it.o
    0x08003b4a   0x08003b4a   0x00000008   Code   RO          648    i.SysTick_Handler   stm32f7xx_it.o
    0x08003b52   0x08003b52   0x00000002   PAD
    0x08003b54   0x08003b54   0x000000d4   Code   RO          301    i.SystemClock_Config  main.o
    0x08003c28   0x08003c28   0x00000064   Code   RO         4195    i.SystemInit        system_stm32f7xx.o
    0x08003c8c   0x08003c8c   0x00000010   Code   RO          649    i.TIM7_IRQHandler   stm32f7xx_it.o
    0x08003c9c   0x08003c9c   0x000000d8   Code   RO         2867    i.TIM_Base_SetConfig  stm32f7xx_hal_tim.o
    0x08003d74   0x08003d74   0x00000022   Code   RO         2868    i.TIM_CCxChannelCmd  stm32f7xx_hal_tim.o
    0x08003d96   0x08003d96   0x00000016   Code   RO         2878    i.TIM_ETR_SetConfig  stm32f7xx_hal_tim.o
    0x08003dac   0x08003dac   0x00000012   Code   RO         2879    i.TIM_ITRx_SetConfig  stm32f7xx_hal_tim.o
    0x08003dbe   0x08003dbe   0x00000002   PAD
    0x08003dc0   0x08003dc0   0x00000074   Code   RO         2880    i.TIM_OC1_SetConfig  stm32f7xx_hal_tim.o
    0x08003e34   0x08003e34   0x00000080   Code   RO         2881    i.TIM_OC2_SetConfig  stm32f7xx_hal_tim.o
    0x08003eb4   0x08003eb4   0x0000007c   Code   RO         2882    i.TIM_OC3_SetConfig  stm32f7xx_hal_tim.o
    0x08003f30   0x08003f30   0x00000058   Code   RO         2883    i.TIM_OC4_SetConfig  stm32f7xx_hal_tim.o
    0x08003f88   0x08003f88   0x00000050   Code   RO         2884    i.TIM_OC5_SetConfig  stm32f7xx_hal_tim.o
    0x08003fd8   0x08003fd8   0x00000054   Code   RO         2885    i.TIM_OC6_SetConfig  stm32f7xx_hal_tim.o
    0x0800402c   0x0800402c   0x00000026   Code   RO         2887    i.TIM_TI1_ConfigInputStage  stm32f7xx_hal_tim.o
    0x08004052   0x08004052   0x00000028   Code   RO         2889    i.TIM_TI2_ConfigInputStage  stm32f7xx_hal_tim.o
    0x0800407a   0x0800407a   0x00000002   PAD
    0x0800407c   0x0800407c   0x00000038   Code   RO          509    i.Tx_Buffer_pop     usart.o
    0x080040b4   0x080040b4   0x0000003c   Code   RO          510    i.Tx_Buffer_push    usart.o
    0x080040f0   0x080040f0   0x00000022   Code   RO           25    i.Tx_StrPush        commands.o
    0x08004112   0x08004112   0x000000f8   Code   RO         3787    i.UART_AdvFeatureConfig  stm32f7xx_hal_uart.o
    0x0800420a   0x0800420a   0x0000006e   Code   RO         3788    i.UART_CheckIdleState  stm32f7xx_hal_uart.o
    0x08004278   0x08004278   0x00000018   Code   RO         3789    i.UART_DMAAbortOnError  stm32f7xx_hal_uart.o
    0x08004290   0x08004290   0x00000022   Code   RO         3799    i.UART_EndRxTransfer  stm32f7xx_hal_uart.o
    0x080042b2   0x080042b2   0x00000020   Code   RO         3800    i.UART_EndTransmit_IT  stm32f7xx_hal_uart.o
    0x080042d2   0x080042d2   0x0000006c   Code   RO         3802    i.UART_RxISR_16BIT  stm32f7xx_hal_uart.o
    0x0800433e   0x0800433e   0x00000068   Code   RO         3803    i.UART_RxISR_8BIT   stm32f7xx_hal_uart.o
    0x080043a6   0x080043a6   0x00000002   PAD
    0x080043a8   0x080043a8   0x000003a8   Code   RO         3804    i.UART_SetConfig    stm32f7xx_hal_uart.o
    0x08004750   0x08004750   0x00000044   Code   RO         3805    i.UART_TxISR_16BIT  stm32f7xx_hal_uart.o
    0x08004794   0x08004794   0x00000040   Code   RO         3806    i.UART_TxISR_8BIT   stm32f7xx_hal_uart.o
    0x080047d4   0x080047d4   0x000000b4   Code   RO         3807    i.UART_WaitOnFlagUntilTimeout  stm32f7xx_hal_uart.o
    0x08004888   0x08004888   0x00000010   Code   RO          650    i.USART3_IRQHandler  stm32f7xx_it.o
    0x08004898   0x08004898   0x00000004   Code   RO          651    i.UsageFault_Handler  stm32f7xx_it.o
    0x0800489c   0x0800489c   0x000000d4   Code   RO           26    i.Validation_1_switch  commands.o
    0x08004970   0x08004970   0x000000e4   Code   RO           27    i.WriteDigitalOutput  commands.o
    0x08004a54   0x08004a54   0x00000020   Code   RO         4484    i.__0printf         mc_w.l(printfa.o)
    0x08004a74   0x08004a74   0x00000030   Code   RO         4532    i.__ARM_fpclassify  m_wv.l(fpclassify.o)
    0x08004aa4   0x08004aa4   0x00000010   Code   RO         1874    i.__NVIC_GetPriorityGrouping  stm32f7xx_hal_cortex.o
    0x08004ab4   0x08004ab4   0x00000028   Code   RO         1875    i.__NVIC_SetPriority  stm32f7xx_hal_cortex.o
    0x08004adc   0x08004adc   0x00000004   PAD
    0x08004ae0   0x08004ae0   0x000008f8   Code   RO         4228    i.__hardfp_pow      m_wv.l(pow.o)
    0x080053d8   0x080053d8   0x00000070   Code   RO         4534    i.__kernel_poly     m_wv.l(poly.o)
    0x08005448   0x08005448   0x00000020   Code   RO         4512    i.__mathlib_dbl_divzero  m_wv.l(dunder.o)
    0x08005468   0x08005468   0x00000006   Code   RO         4514    i.__mathlib_dbl_infnan2  m_wv.l(dunder.o)
    0x0800546e   0x0800546e   0x00000002   PAD
    0x08005470   0x08005470   0x00000018   Code   RO         4515    i.__mathlib_dbl_invalid  m_wv.l(dunder.o)
    0x08005488   0x08005488   0x00000018   Code   RO         4516    i.__mathlib_dbl_overflow  m_wv.l(dunder.o)
    0x080054a0   0x080054a0   0x00000018   Code   RO         4518    i.__mathlib_dbl_underflow  m_wv.l(dunder.o)
    0x080054b8   0x080054b8   0x0000000e   Code   RO         4598    i.__scatterload_copy  mc_w.l(handlers.o)
    0x080054c6   0x080054c6   0x00000002   Code   RO         4599    i.__scatterload_null  mc_w.l(handlers.o)
    0x080054c8   0x080054c8   0x0000000e   Code   RO         4600    i.__scatterload_zeroinit  mc_w.l(handlers.o)
    0x080054d6   0x080054d6   0x00000002   PAD
    0x080054d8   0x080054d8   0x0000000c   Code   RO         4572    i.__set_errno       mc_w.l(errno.o)
    0x080054e4   0x080054e4   0x00000184   Code   RO         4491    i._fp_digits        mc_w.l(printfa.o)
    0x08005668   0x08005668   0x000006dc   Code   RO         4492    i._printf_core      mc_w.l(printfa.o)
    0x08005d44   0x08005d44   0x00000024   Code   RO         4493    i._printf_post_padding  mc_w.l(printfa.o)
    0x08005d68   0x08005d68   0x0000002e   Code   RO         4494    i._printf_pre_padding  mc_w.l(printfa.o)
    0x08005d96   0x08005d96   0x00000002   PAD
    0x08005d98   0x08005d98   0x00000168   Code   RO          262    i.duty_cycle_buck_calc  dutyinterleaved.o
    0x08005f00   0x08005f00   0x00000020   Code   RO          513    i.exec_BCKSP        usart.o
    0x08005f20   0x08005f20   0x00000002   Code   RO          514    i.exec_DOLLAR       usart.o
    0x08005f22   0x08005f22   0x00000002   PAD
    0x08005f24   0x08005f24   0x00000014   Code   RO          515    i.exec_ESC          usart.o
    0x08005f38   0x08005f38   0x00000018   Code   RO         4528    i.fabs              m_wv.l(fabs.o)
    0x08005f50   0x08005f50   0x00000018   Code   RO          516    i.fputc             usart.o
    0x08005f68   0x08005f68   0x00000018   Code   RO          517    i.init_UART3        usart.o
    0x08005f80   0x08005f80   0x0000010c   Code   RO          302    i.main              main.o
    0x0800608c   0x0800608c   0x00000038   Code   RO          518    i.process_control   usart.o
    0x080060c4   0x080060c4   0x00000004   Code   RO           28    i.size_array        commands.o
    0x080060c8   0x080060c8   0x0000006a   Code   RO         4539    i.sqrt              m_wv.l(sqrt.o)
    0x08006132   0x08006132   0x00000018   Data   RO         4196    .constdata          system_stm32f7xx.o
    0x0800614a   0x0800614a   0x00000006   PAD
    0x08006150   0x08006150   0x00000088   Data   RO         4231    .constdata          m_wv.l(pow.o)
    0x080061d8   0x080061d8   0x00000008   Data   RO         4536    .constdata          m_wv.l(qnan.o)
    0x080061e0   0x080061e0   0x00000020   Data   RO         4596    Region$$Table       anon$$obj.o


    Execution Region RW_IRAM1 (Exec base: 0x20000000, Load base: 0x08006200, Size: 0x00000a38, Max: 0x00080000, ABSOLUTE)

    Exec Addr    Load Addr    Size         Type   Attr      Idx    E Section Name        Object

    0x20000000   0x08006200   0x00000064   Data   RW           29    .data               commands.o
    0x20000064   0x08006264   0x00000024   Data   RW          263    .data               dutyinterleaved.o
    0x20000088   0x08006288   0x00000006   Data   RW          381    .data               adc.o
    0x2000008e   0x0800628e   0x00000002   PAD
    0x20000090   0x08006290   0x0000002c   Data   RW          520    .data               usart.o
    0x200000bc   0x080062bc   0x00000009   Data   RW         2027    .data               stm32f7xx_hal.o
    0x200000c5   0x080062c5   0x00000003   PAD
    0x200000c8   0x080062c8   0x00000004   Data   RW         4197    .data               system_stm32f7xx.o
    0x200000cc   0x080062cc   0x00000004   Data   RW         4563    .data               mc_w.l(stdout.o)
    0x200000d0   0x080062d0   0x00000004   Data   RW         4573    .data               mc_w.l(errno.o)
    0x200000d4        -       0x00000090   Zero   RW          380    .bss                adc.o
    0x20000164        -       0x00000250   Zero   RW          437    .bss                tim.o
    0x200003b4        -       0x00000280   Zero   RW          519    .bss                usart.o
    0x20000634   0x080062d4   0x00000004   PAD
    0x20000638        -       0x00000400   Zero   RW            1    STACK               startup_stm32f767xx.o


==============================================================================

Image component sizes


      Code (inc. data)   RO Data    RW Data    ZI Data      Debug   Object Name

       556         72          0          6        144       3563   adc.o
      1748        432          0        100          0     907106   commands.o
       360         86          0         36          0       1184   dutyinterleaved.o
       352         26          0          0          0       1247   gpio.o
       482         90          0          0          0       2596   main.o
        36          8        504          0       1024        904   startup_stm32f767xx.o
       174         30          0          9          0       9729   stm32f7xx_hal.o
      1648         66          0          0          0       6853   stm32f7xx_hal_adc.o
         2          0          0          0          0       1141   stm32f7xx_hal_adc_ex.o
       304         22          0          0          0      39907   stm32f7xx_hal_cortex.o
        40          0          0          0          0       1275   stm32f7xx_hal_dma.o
       578         56          0          0          0       3980   stm32f7xx_hal_gpio.o
        64          4          0          0          0        986   stm32f7xx_hal_msp.o
       144          8          0          0          0       1412   stm32f7xx_hal_pwr_ex.o
      1952         70          0          0          0       6076   stm32f7xx_hal_rcc.o
      1880         16          0          0          0       2376   stm32f7xx_hal_rcc_ex.o
      2338        146          0          0          0      19209   stm32f7xx_hal_tim.o
       210         30          0          0          0       3456   stm32f7xx_hal_tim_ex.o
      3022         94          0          0          0      15593   stm32f7xx_hal_uart.o
       100         20          0          0          0       7108   stm32f7xx_it.o
       100         18         24          4          0       1387   system_stm32f7xx.o
       864         82          0          0        592       5316   tim.o
       910        220          0         44        640      11803   usart.o

    ----------------------------------------------------------------------
     17900       1600        566        204       2404    1054207   Object Totals
         0          0         32          0          0          0   (incl. Generated)
        36          4          6          5          4          0   (incl. Padding)

    ----------------------------------------------------------------------

      Code (inc. data)   RO Data    RW Data    ZI Data      Debug   Library Member Name

       110         60          0          0          0        580   dunder.o
        24          0          0          0          0        124   fabs.o
        48          0          0          0          0        124   fpclassify.o
       112          0          0          0          0        116   poly.o
      2296        304        136          0          0        320   pow.o
         0          0          8          0          0          0   qnan.o
       106          0          0          0          0        140   sqrt.o
         0          0          0          0          0          0   entry.o
         0          0          0          0          0          0   entry10a.o
         0          0          0          0          0          0   entry11a.o
         8          4          0          0          0          0   entry2.o
         4          0          0          0          0          0   entry5.o
         0          0          0          0          0          0   entry7b.o
         0          0          0          0          0          0   entry8b.o
         8          4          0          0          0          0   entry9a.o
        12          6          0          4          0         68   errno.o
        30          0          0          0          0          0   handlers.o
        36          8          0          0          0         68   init.o
         0          0          0          0          0          0   iusefp.o
        30          0          0          0          0         68   llshl.o
        36          0          0          0          0         68   llsshr.o
        32          0          0          0          0         68   llushr.o
        36          0          0          0          0        108   memseta.o
      2258         90          0          0          0        452   printfa.o
         0          0          0          4          0          0   stdout.o
        28          0          0          0          0         76   strcmp.o
        44          0          0          0          0         80   uidiv.o
        98          0          0          0          0         92   uldiv.o
        48          0          0          0          0         68   cdrcmple.o
       334          0          0          0          0        148   dadd.o
       222          0          0          0          0        100   ddiv.o
       186          0          0          0          0        176   depilogue.o
        48          0          0          0          0         68   dfixul.o
       228          0          0          0          0         96   dmul.o
        46          0          0          0          0         80   dscalb.o

    ----------------------------------------------------------------------
      6478        476        144          8          0       3288   Library Totals
        10          0          0          0          0          0   (incl. Padding)

    ----------------------------------------------------------------------

      Code (inc. data)   RO Data    RW Data    ZI Data      Debug   Library Name

      2696        364        144          0          0       1404   m_wv.l
      2660        112          0          8          0       1148   mc_w.l
      1112          0          0          0          0        736   mf_w.l

    ----------------------------------------------------------------------
      6478        476        144          8          0       3288   Library Totals

    ----------------------------------------------------------------------

==============================================================================


      Code (inc. data)   RO Data    RW Data    ZI Data      Debug   

     24378       2076        710        212       2404    1042663   Grand Totals
     24378       2076        710        212       2404    1042663   ELF Image Totals
     24378       2076        710        212          0          0   ROM Totals

==============================================================================

    Total RO  Size (Code + RO Data)                25088 (  24.50kB)
    Total RW  Size (RW Data + ZI Data)              2616 (   2.55kB)
    Total ROM Size (Code + RO Data + RW Data)      25300 (  24.71kB)

==============================================================================

